
CodeIgniter v4.7.4 Command Line Tool - Server Time: 2026-09-23 15:00:04 UTC+05:30

CodeIgniter development server started on http://localhost:8081
Press Control-C to stop.
[Wed Sep 23 15:00:04 2026] PHP 8.4.15 Development Server (http://localhost:8081) started
[Wed Sep 23 15:01:03 2026] [::1]:62484 Accepted
[Wed Sep 23 15:01:03 2026] [::1]:62484 Closing
[Wed Sep 23 15:01:12 2026] [::1]:59418 Accepted
[Wed Sep 23 15:01:12 2026] [::1]:59418 Closing
[Wed Sep 23 15:01:12 2026] [::1]:59419 Accepted
[Wed Sep 23 15:01:12 2026] [::1]:59420 Accepted
[Wed Sep 23 15:01:12 2026] [::1]:59419 [200]: GET /assets/css/bootstrap.min.css
[Wed Sep 23 15:01:12 2026] [::1]:59420 Closing
[Wed Sep 23 15:01:12 2026] [::1]:59419 Closing
[Wed Sep 23 15:01:12 2026] [::1]:59421 Accepted
[Wed Sep 23 15:01:12 2026] [::1]:59421 Closing
[Wed Sep 23 15:01:13 2026] [::1]:59428 Accepted
[Wed Sep 23 15:01:13 2026] [::1]:59428 [200]: GET /favicon.ico
[Wed Sep 23 15:01:13 2026] [::1]:59428 Closing
[Wed Sep 23 15:01:59 2026] [::1]:63945 Accepted
[Wed Sep 23 15:02:00 2026] [::1]:63945 Closing
[Wed Sep 23 15:02:00 2026] [::1]:63949 Accepted
[Wed Sep 23 15:02:00 2026] [::1]:63949 Closing
[Wed Sep 23 15:02:00 2026] [::1]:63951 Accepted
[Wed Sep 23 15:02:00 2026] [::1]:63952 Accepted
[Wed Sep 23 15:02:00 2026] [::1]:63953 Accepted
[Wed Sep 23 15:02:00 2026] [::1]:63951 Closing
[Wed Sep 23 15:02:00 2026] [::1]:63952 [200]: GET /assets/css/bootstrap.min.css
[Wed Sep 23 15:02:00 2026] [::1]:63953 [200]: GET /assets/js/bootstrap.bundle.min.js
[Wed Sep 23 15:02:00 2026] [::1]:63953 Closing
[Wed Sep 23 15:02:00 2026] [::1]:63952 Closing
[Wed Sep 23 15:02:00 2026] [::1]:63954 Accepted
[Wed Sep 23 15:02:00 2026] [::1]:63954 Closing
[Wed Sep 23 15:04:03 2026] [::1]:65280 Accepted
[Wed Sep 23 15:04:03 2026] [::1]:65280 Closing
[Wed Sep 23 15:04:03 2026] [::1]:54341 Accepted
[Wed Sep 23 15:04:03 2026] [::1]:54341 [200]: GET /assets/css/bootstrap.min.css
[Wed Sep 23 15:04:03 2026] [::1]:54341 Closing
[Wed Sep 23 15:04:03 2026] [::1]:50363 Accepted
[Wed Sep 23 15:04:03 2026] [::1]:50363 Closing
[Wed Sep 23 15:04:07 2026] [::1]:60558 Accepted
[Wed Sep 23 15:04:07 2026] [::1]:60558 Closing
[Wed Sep 23 15:04:07 2026] [::1]:60260 Accepted
[Wed Sep 23 15:04:07 2026] [::1]:60260 [200]: GET /assets/css/bootstrap.min.css
[Wed Sep 23 15:04:07 2026] [::1]:60260 Closing
[Wed Sep 23 15:04:07 2026] [::1]:54269 Accepted
[Wed Sep 23 15:04:07 2026] [::1]:54269 Closing
[Wed Sep 23 15:04:08 2026] [::1]:61676 Accepted
[Wed Sep 23 15:04:08 2026] [::1]:61676 Closing
[Wed Sep 23 15:04:08 2026] [::1]:52337 Accepted
[Wed Sep 23 15:04:08 2026] [::1]:52337 [200]: GET /assets/css/bootstrap.min.css
[Wed Sep 23 15:04:08 2026] [::1]:52337 Closing
[Wed Sep 23 15:04:08 2026] [::1]:63139 Accepted
[Wed Sep 23 15:04:08 2026] [::1]:63139 Closing
[Wed Sep 23 15:04:08 2026] [::1]:58001 Accepted
[Wed Sep 23 15:04:09 2026] [::1]:58001 Closing
[Wed Sep 23 15:04:09 2026] [::1]:56604 Accepted
[Wed Sep 23 15:04:09 2026] [::1]:56604 [200]: GET /assets/css/bootstrap.min.css
[Wed Sep 23 15:04:09 2026] [::1]:56604 Closing
[Wed Sep 23 15:04:09 2026] [::1]:53427 Accepted
[Wed Sep 23 15:04:09 2026] [::1]:53427 Closing
[Wed Sep 23 15:04:23 2026] [::1]:59826 Accepted
[Wed Sep 23 15:04:23 2026] [::1]:59826 Closing
[Wed Sep 23 15:04:23 2026] [::1]:51933 Accepted
[Wed Sep 23 15:04:24 2026] [::1]:51933 Closing
[Wed Sep 23 15:04:24 2026] [::1]:64138 Accepted
[Wed Sep 23 15:04:24 2026] [::1]:57182 Accepted
[Wed Sep 23 15:04:24 2026] [::1]:64138 Closing
[Wed Sep 23 15:04:24 2026] [::1]:49554 Accepted
[Wed Sep 23 15:04:24 2026] [::1]:57182 [200]: GET /assets/css/bootstrap.min.css
[Wed Sep 23 15:04:24 2026] [::1]:49554 [200]: GET /assets/js/bootstrap.bundle.min.js
[Wed Sep 23 15:04:24 2026] [::1]:57182 Closing
[Wed Sep 23 15:04:24 2026] [::1]:49554 Closing
[Wed Sep 23 15:04:24 2026] [::1]:61241 Accepted
[Wed Sep 23 15:04:24 2026] [::1]:61241 Closing
[Wed Sep 23 15:04:24 2026] [::1]:53617 Accepted
[Wed Sep 23 15:04:24 2026] [::1]:53617 [200]: GET /favicon.ico
[Wed Sep 23 15:04:24 2026] [::1]:53617 Closing
[Wed Sep 23 15:04:27 2026] [::1]:54043 Accepted
[Wed Sep 23 15:04:28 2026] [::1]:54043 Closing
[Wed Sep 23 15:04:28 2026] [::1]:57039 Accepted
[Wed Sep 23 15:04:28 2026] [::1]:57039 Closing
[Wed Sep 23 15:04:28 2026] [::1]:49626 Accepted
[Wed Sep 23 15:04:28 2026] [::1]:63126 Accepted
[Wed Sep 23 15:04:28 2026] [::1]:49626 [200]: GET /assets/css/bootstrap.min.css
[Wed Sep 23 15:04:28 2026] [::1]:63126 [200]: GET /assets/js/bootstrap.bundle.min.js
[Wed Sep 23 15:04:28 2026] [::1]:49626 Closing
[Wed Sep 23 15:04:28 2026] [::1]:63126 Closing
[Wed Sep 23 15:04:28 2026] [::1]:49564 Accepted
[Wed Sep 23 15:04:28 2026] [::1]:49564 Closing
[Wed Sep 23 15:04:28 2026] [::1]:50881 Accepted
[Wed Sep 23 15:04:28 2026] [::1]:50881 [200]: GET /favicon.ico
[Wed Sep 23 15:04:28 2026] [::1]:50881 Closing
[Wed Sep 23 15:04:33 2026] [::1]:65487 Accepted
[Wed Sep 23 15:04:33 2026] [::1]:65487 Closing
[Wed Sep 23 15:04:33 2026] [::1]:63533 Accepted
[Wed Sep 23 15:04:33 2026] [::1]:63533 Closing
[Wed Sep 23 15:04:33 2026] [::1]:56064 Accepted
[Wed Sep 23 15:04:33 2026] [::1]:52066 Accepted
[Wed Sep 23 15:04:33 2026] [::1]:56064 [200]: GET /assets/css/bootstrap.min.css
[Wed Sep 23 15:04:33 2026] [::1]:52066 [200]: GET /assets/js/bootstrap.bundle.min.js
[Wed Sep 23 15:04:33 2026] [::1]:56064 Closing
[Wed Sep 23 15:04:33 2026] [::1]:52066 Closing
[Wed Sep 23 15:04:33 2026] [::1]:50765 Accepted
[Wed Sep 23 15:04:33 2026] [::1]:50765 Closing
[Wed Sep 23 15:04:33 2026] [::1]:55030 Accepted
[Wed Sep 23 15:04:33 2026] [::1]:55030 [200]: GET /favicon.ico
[Wed Sep 23 15:04:33 2026] [::1]:55030 Closing
[Wed Sep 23 15:04:35 2026] [::1]:60223 Accepted
[Wed Sep 23 15:04:35 2026] [::1]:60223 Closing
[Wed Sep 23 15:04:35 2026] [::1]:62148 Accepted
[Wed Sep 23 15:04:35 2026] [::1]:62148 Closing
[Wed Sep 23 15:04:35 2026] [::1]:52814 Accepted
[Wed Sep 23 15:04:35 2026] [::1]:63687 Accepted
[Wed Sep 23 15:04:35 2026] [::1]:52814 [200]: GET /assets/css/bootstrap.min.css
[Wed Sep 23 15:04:35 2026] [::1]:63687 [200]: GET /assets/js/bootstrap.bundle.min.js
[Wed Sep 23 15:04:35 2026] [::1]:52814 Closing
[Wed Sep 23 15:04:35 2026] [::1]:63687 Closing
[Wed Sep 23 15:04:35 2026] [::1]:59404 Accepted
[Wed Sep 23 15:04:35 2026] [::1]:59404 Closing
[Wed Sep 23 15:04:35 2026] [::1]:50566 Accepted
[Wed Sep 23 15:04:35 2026] [::1]:50566 [200]: GET /favicon.ico
[Wed Sep 23 15:04:35 2026] [::1]:50566 Closing
[Wed Sep 23 15:04:37 2026] [::1]:51231 Accepted
[Wed Sep 23 15:04:38 2026] [::1]:51231 Closing
[Wed Sep 23 15:04:38 2026] [::1]:51943 Accepted
[Wed Sep 23 15:04:38 2026] [::1]:51943 Closing
[Wed Sep 23 15:04:38 2026] [::1]:62911 Accepted
[Wed Sep 23 15:04:38 2026] [::1]:62338 Accepted
[Wed Sep 23 15:04:38 2026] [::1]:62911 [200]: GET /assets/css/bootstrap.min.css
[Wed Sep 23 15:04:38 2026] [::1]:62338 [200]: GET /assets/js/bootstrap.bundle.min.js
[Wed Sep 23 15:04:38 2026] [::1]:62911 Closing
[Wed Sep 23 15:04:38 2026] [::1]:62338 Closing
[Wed Sep 23 15:04:38 2026] [::1]:63198 Accepted
[Wed Sep 23 15:04:38 2026] [::1]:63198 Closing
[Wed Sep 23 15:04:38 2026] [::1]:50291 Accepted
[Wed Sep 23 15:04:38 2026] [::1]:50291 [200]: GET /favicon.ico
[Wed Sep 23 15:04:38 2026] [::1]:50291 Closing
[Wed Sep 23 15:04:43 2026] [::1]:58554 Accepted
[Wed Sep 23 15:04:43 2026] [::1]:58554 Closing
[Wed Sep 23 15:04:43 2026] [::1]:56913 Accepted
[Wed Sep 23 15:04:43 2026] [::1]:56913 Closing
[Wed Sep 23 15:04:43 2026] [::1]:57677 Accepted
[Wed Sep 23 15:04:43 2026] [::1]:53539 Accepted
[Wed Sep 23 15:04:43 2026] [::1]:57677 [200]: GET /assets/css/bootstrap.min.css
[Wed Sep 23 15:04:43 2026] [::1]:53539 [200]: GET /assets/js/bootstrap.bundle.min.js
[Wed Sep 23 15:04:43 2026] [::1]:57677 Closing
[Wed Sep 23 15:04:43 2026] [::1]:53539 Closing
[Wed Sep 23 15:04:43 2026] [::1]:63278 Accepted
[Wed Sep 23 15:04:43 2026] [::1]:63278 Closing
[Wed Sep 23 15:04:43 2026] [::1]:60871 Accepted
[Wed Sep 23 15:04:43 2026] [::1]:60871 [200]: GET /favicon.ico
[Wed Sep 23 15:04:43 2026] [::1]:60871 Closing
[Wed Sep 23 15:04:45 2026] [::1]:56805 Accepted
[Wed Sep 23 15:04:45 2026] [::1]:56805 Closing
[Wed Sep 23 15:04:45 2026] [::1]:52539 Accepted
[Wed Sep 23 15:04:45 2026] [::1]:52539 Closing
[Wed Sep 23 15:04:45 2026] [::1]:59181 Accepted
[Wed Sep 23 15:04:45 2026] [::1]:55317 Accepted
[Wed Sep 23 15:04:45 2026] [::1]:59181 [200]: GET /assets/css/bootstrap.min.css
[Wed Sep 23 15:04:45 2026] [::1]:55317 [200]: GET /assets/js/bootstrap.bundle.min.js
[Wed Sep 23 15:04:45 2026] [::1]:59181 Closing
[Wed Sep 23 15:04:45 2026] [::1]:55317 Closing
[Wed Sep 23 15:04:45 2026] [::1]:52517 Accepted
[Wed Sep 23 15:04:45 2026] [::1]:52517 Closing
[Wed Sep 23 15:04:45 2026] [::1]:49465 Accepted
[Wed Sep 23 15:04:45 2026] [::1]:49465 [200]: GET /favicon.ico
[Wed Sep 23 15:04:45 2026] [::1]:49465 Closing
[Wed Sep 23 15:04:51 2026] [::1]:60565 Accepted
[Wed Sep 23 15:04:52 2026] [::1]:60565 Closing
[Wed Sep 23 15:04:52 2026] [::1]:49827 Accepted
[Wed Sep 23 15:04:52 2026] [::1]:49827 Closing
[Wed Sep 23 15:04:52 2026] [::1]:59913 Accepted
[Wed Sep 23 15:04:52 2026] [::1]:56701 Accepted
[Wed Sep 23 15:04:52 2026] [::1]:59913 [200]: GET /assets/css/bootstrap.min.css
[Wed Sep 23 15:04:52 2026] [::1]:56701 [200]: GET /assets/js/bootstrap.bundle.min.js
[Wed Sep 23 15:04:52 2026] [::1]:59913 Closing
[Wed Sep 23 15:04:52 2026] [::1]:56701 Closing
[Wed Sep 23 15:04:52 2026] [::1]:62790 Accepted
[Wed Sep 23 15:04:52 2026] [::1]:62790 Closing
[Wed Sep 23 15:04:52 2026] [::1]:51574 Accepted
[Wed Sep 23 15:04:52 2026] [::1]:51574 [200]: GET /favicon.ico
[Wed Sep 23 15:04:52 2026] [::1]:51574 Closing
[Wed Sep 23 15:05:03 2026] [::1]:57879 Accepted
[Wed Sep 23 15:05:03 2026] [::1]:57879 Closing
[Wed Sep 23 15:05:03 2026] [::1]:55650 Accepted
[Wed Sep 23 15:05:03 2026] [::1]:55650 Closing
[Wed Sep 23 15:05:03 2026] [::1]:59004 Accepted
[Wed Sep 23 15:05:03 2026] [::1]:59004 Closing
[Wed Sep 23 15:05:03 2026] [::1]:56985 Accepted
[Wed Sep 23 15:05:03 2026] [::1]:64503 Accepted
[Wed Sep 23 15:05:03 2026] [::1]:56985 [200]: GET /assets/css/bootstrap.min.css
[Wed Sep 23 15:05:03 2026] [::1]:64503 [200]: GET /assets/js/bootstrap.bundle.min.js
[Wed Sep 23 15:05:03 2026] [::1]:56985 Closing
[Wed Sep 23 15:05:03 2026] [::1]:64503 Closing
[Wed Sep 23 15:05:03 2026] [::1]:52379 Accepted
[Wed Sep 23 15:05:03 2026] [::1]:52379 Closing
[Wed Sep 23 15:05:03 2026] [::1]:57044 Accepted
[Wed Sep 23 15:05:03 2026] [::1]:57044 [200]: GET /favicon.ico
[Wed Sep 23 15:05:03 2026] [::1]:57044 Closing
[Wed Sep 23 15:05:06 2026] [::1]:65289 Accepted
[Wed Sep 23 15:05:06 2026] [::1]:65289 Closing
[Wed Sep 23 15:05:06 2026] [::1]:61960 Accepted
[Wed Sep 23 15:05:06 2026] [::1]:61960 Closing
[Wed Sep 23 15:05:06 2026] [::1]:59939 Accepted
[Wed Sep 23 15:05:06 2026] [::1]:64925 Accepted
[Wed Sep 23 15:05:06 2026] [::1]:59939 [200]: GET /assets/css/bootstrap.min.css
[Wed Sep 23 15:05:06 2026] [::1]:64925 [200]: GET /assets/js/bootstrap.bundle.min.js
[Wed Sep 23 15:05:06 2026] [::1]:59939 Closing
[Wed Sep 23 15:05:06 2026] [::1]:64925 Closing
[Wed Sep 23 15:05:06 2026] [::1]:50109 Accepted
[Wed Sep 23 15:05:06 2026] [::1]:50109 Closing
[Wed Sep 23 15:05:06 2026] [::1]:58184 Accepted
[Wed Sep 23 15:05:06 2026] [::1]:58184 [200]: GET /favicon.ico
[Wed Sep 23 15:05:06 2026] [::1]:58184 Closing
[Wed Sep 23 15:05:08 2026] [::1]:58480 Accepted
[Wed Sep 23 15:05:08 2026] [::1]:58480 Closing
[Wed Sep 23 15:05:08 2026] [::1]:64922 Accepted
[Wed Sep 23 15:05:08 2026] [::1]:64922 Closing
[Wed Sep 23 15:05:08 2026] [::1]:53828 Accepted
[Wed Sep 23 15:05:08 2026] [::1]:60937 Accepted
[Wed Sep 23 15:05:08 2026] [::1]:53828 [200]: GET /assets/css/bootstrap.min.css
[Wed Sep 23 15:05:08 2026] [::1]:60937 [200]: GET /assets/js/bootstrap.bundle.min.js
[Wed Sep 23 15:05:08 2026] [::1]:53828 Closing
[Wed Sep 23 15:05:08 2026] [::1]:60937 Closing
[Wed Sep 23 15:05:08 2026] [::1]:61858 Accepted
[Wed Sep 23 15:05:08 2026] [::1]:61858 Closing
[Wed Sep 23 15:05:08 2026] [::1]:57036 Accepted
[Wed Sep 23 15:05:08 2026] [::1]:57036 [200]: GET /favicon.ico
[Wed Sep 23 15:05:08 2026] [::1]:57036 Closing
[Wed Sep 23 15:05:22 2026] [::1]:51768 Accepted
[Wed Sep 23 15:05:23 2026] [::1]:51768 Closing
[Wed Sep 23 15:05:23 2026] [::1]:64275 Accepted
[Wed Sep 23 15:05:23 2026] [::1]:64275 Closing
[Wed Sep 23 15:05:23 2026] [::1]:52809 Accepted
[Wed Sep 23 15:05:23 2026] [::1]:57179 Accepted
[Wed Sep 23 15:05:23 2026] [::1]:52809 [200]: GET /assets/css/bootstrap.min.css
[Wed Sep 23 15:05:23 2026] [::1]:57179 [200]: GET /assets/js/bootstrap.bundle.min.js
[Wed Sep 23 15:05:23 2026] [::1]:52809 Closing
[Wed Sep 23 15:05:23 2026] [::1]:57179 Closing
[Wed Sep 23 15:05:23 2026] [::1]:58318 Accepted
[Wed Sep 23 15:05:23 2026] [::1]:58318 Closing
[Wed Sep 23 15:05:23 2026] [::1]:61658 Accepted
[Wed Sep 23 15:05:23 2026] [::1]:61658 [200]: GET /favicon.ico
[Wed Sep 23 15:05:23 2026] [::1]:61658 Closing
[Wed Sep 23 15:05:26 2026] [::1]:65299 Accepted
[Wed Sep 23 15:05:26 2026] [::1]:65299 Closing
[Wed Sep 23 15:05:26 2026] [::1]:65002 Accepted
[Wed Sep 23 15:05:26 2026] [::1]:65002 Closing
[Wed Sep 23 15:05:26 2026] [::1]:53807 Accepted
[Wed Sep 23 15:05:26 2026] [::1]:56065 Accepted
[Wed Sep 23 15:05:26 2026] [::1]:53807 [200]: GET /assets/css/bootstrap.min.css
[Wed Sep 23 15:05:26 2026] [::1]:56065 [200]: GET /assets/js/bootstrap.bundle.min.js
[Wed Sep 23 15:05:26 2026] [::1]:53807 Closing
[Wed Sep 23 15:05:26 2026] [::1]:56065 Closing
[Wed Sep 23 15:05:26 2026] [::1]:62276 Accepted
[Wed Sep 23 15:05:26 2026] [::1]:62276 Closing
[Wed Sep 23 15:05:26 2026] [::1]:56339 Accepted
[Wed Sep 23 15:05:26 2026] [::1]:56339 [200]: GET /favicon.ico
[Wed Sep 23 15:05:26 2026] [::1]:56339 Closing
[Wed Sep 23 15:05:34 2026] [::1]:55761 Accepted
[Wed Sep 23 15:05:34 2026] [::1]:55761 Closing
[Wed Sep 23 15:05:34 2026] [::1]:62188 Accepted
[Wed Sep 23 15:05:34 2026] [::1]:62188 Closing
[Wed Sep 23 15:05:34 2026] [::1]:65524 Accepted
[Wed Sep 23 15:05:34 2026] [::1]:61206 Accepted
[Wed Sep 23 15:05:34 2026] [::1]:65524 [200]: GET /assets/css/bootstrap.min.css
[Wed Sep 23 15:05:34 2026] [::1]:61206 [200]: GET /assets/js/bootstrap.bundle.min.js
[Wed Sep 23 15:05:34 2026] [::1]:65524 Closing
[Wed Sep 23 15:05:34 2026] [::1]:61206 Closing
[Wed Sep 23 15:05:34 2026] [::1]:61572 Accepted
[Wed Sep 23 15:05:34 2026] [::1]:61572 Closing
[Wed Sep 23 15:05:34 2026] [::1]:57985 Accepted
[Wed Sep 23 15:05:34 2026] [::1]:57985 [200]: GET /favicon.ico
[Wed Sep 23 15:05:34 2026] [::1]:57985 Closing
[Wed Sep 23 15:05:35 2026] [::1]:50141 Accepted
[Wed Sep 23 15:05:36 2026] [::1]:50141 Closing
[Wed Sep 23 15:05:36 2026] [::1]:61726 Accepted
[Wed Sep 23 15:05:36 2026] [::1]:61726 Closing
[Wed Sep 23 15:05:36 2026] [::1]:55442 Accepted
[Wed Sep 23 15:05:36 2026] [::1]:61020 Accepted
[Wed Sep 23 15:05:36 2026] [::1]:55442 [200]: GET /assets/css/bootstrap.min.css
[Wed Sep 23 15:05:36 2026] [::1]:61020 [200]: GET /assets/js/bootstrap.bundle.min.js
[Wed Sep 23 15:05:36 2026] [::1]:55442 Closing
[Wed Sep 23 15:05:36 2026] [::1]:61020 Closing
[Wed Sep 23 15:05:36 2026] [::1]:58253 Accepted
[Wed Sep 23 15:05:36 2026] [::1]:58253 Closing
[Wed Sep 23 15:05:36 2026] [::1]:56138 Accepted
[Wed Sep 23 15:05:36 2026] [::1]:56138 [200]: GET /favicon.ico
[Wed Sep 23 15:05:36 2026] [::1]:56138 Closing
[Wed Sep 23 15:05:37 2026] [::1]:61670 Accepted
[Wed Sep 23 15:05:37 2026] [::1]:61670 Closing
[Wed Sep 23 15:05:38 2026] [::1]:63848 Accepted
[Wed Sep 23 15:05:38 2026] [::1]:63848 Closing
[Wed Sep 23 15:05:38 2026] [::1]:53731 Accepted
[Wed Sep 23 15:05:38 2026] [::1]:59428 Accepted
[Wed Sep 23 15:05:38 2026] [::1]:53731 [200]: GET /assets/css/bootstrap.min.css
[Wed Sep 23 15:05:38 2026] [::1]:59428 [200]: GET /assets/js/bootstrap.bundle.min.js
[Wed Sep 23 15:05:38 2026] [::1]:53731 Closing
[Wed Sep 23 15:05:38 2026] [::1]:59428 Closing
[Wed Sep 23 15:05:38 2026] [::1]:62533 Accepted
[Wed Sep 23 15:05:38 2026] [::1]:62533 Closing
[Wed Sep 23 15:05:38 2026] [::1]:61621 Accepted
[Wed Sep 23 15:05:38 2026] [::1]:61621 [200]: GET /favicon.ico
[Wed Sep 23 15:05:38 2026] [::1]:61621 Closing
[Wed Sep 23 15:05:39 2026] [::1]:63860 Accepted
[Wed Sep 23 15:05:39 2026] [::1]:63860 Closing
[Wed Sep 23 15:05:39 2026] [::1]:56191 Accepted
[Wed Sep 23 15:05:39 2026] [::1]:56191 Closing
[Wed Sep 23 15:05:39 2026] [::1]:52280 Accepted
[Wed Sep 23 15:05:39 2026] [::1]:53822 Accepted
[Wed Sep 23 15:05:39 2026] [::1]:52280 [200]: GET /assets/css/bootstrap.min.css
[Wed Sep 23 15:05:39 2026] [::1]:53822 [200]: GET /assets/js/bootstrap.bundle.min.js
[Wed Sep 23 15:05:39 2026] [::1]:52280 Closing
[Wed Sep 23 15:05:39 2026] [::1]:53822 Closing
[Wed Sep 23 15:05:39 2026] [::1]:52817 Accepted
[Wed Sep 23 15:05:39 2026] [::1]:52817 Closing
[Wed Sep 23 15:05:39 2026] [::1]:64712 Accepted
[Wed Sep 23 15:05:39 2026] [::1]:64712 [200]: GET /favicon.ico
[Wed Sep 23 15:05:39 2026] [::1]:64712 Closing
[Wed Sep 23 15:05:59 2026] [::1]:54313 Accepted
[Wed Sep 23 15:05:59 2026] [::1]:54313 Closing
[Wed Sep 23 15:05:59 2026] [::1]:50824 Accepted
[Wed Sep 23 15:05:59 2026] [::1]:50824 Closing
[Wed Sep 23 15:05:59 2026] [::1]:62984 Accepted
[Wed Sep 23 15:05:59 2026] [::1]:62984 Closing
[Wed Sep 23 15:05:59 2026] [::1]:63559 Accepted
[Wed Sep 23 15:05:59 2026] [::1]:52406 Accepted
[Wed Sep 23 15:05:59 2026] [::1]:63559 [200]: GET /assets/css/bootstrap.min.css
[Wed Sep 23 15:05:59 2026] [::1]:52406 [200]: GET /assets/js/bootstrap.bundle.min.js
[Wed Sep 23 15:05:59 2026] [::1]:63559 Closing
[Wed Sep 23 15:05:59 2026] [::1]:52406 Closing
[Wed Sep 23 15:05:59 2026] [::1]:61890 Accepted
[Wed Sep 23 15:05:59 2026] [::1]:61890 Closing
[Wed Sep 23 15:05:59 2026] [::1]:57785 Accepted
[Wed Sep 23 15:05:59 2026] [::1]:57785 [200]: GET /favicon.ico
[Wed Sep 23 15:05:59 2026] [::1]:57785 Closing
[Wed Sep 23 15:06:02 2026] [::1]:60007 Accepted
[Wed Sep 23 15:06:02 2026] [::1]:60007 Closing
[Wed Sep 23 15:06:02 2026] [::1]:49278 Accepted
[Wed Sep 23 15:06:02 2026] [::1]:49278 Closing
[Wed Sep 23 15:06:02 2026] [::1]:55958 Accepted
[Wed Sep 23 15:06:02 2026] [::1]:57181 Accepted
[Wed Sep 23 15:06:02 2026] [::1]:55958 [200]: GET /assets/css/bootstrap.min.css
[Wed Sep 23 15:06:02 2026] [::1]:57181 [200]: GET /assets/js/bootstrap.bundle.min.js
[Wed Sep 23 15:06:02 2026] [::1]:55958 Closing
[Wed Sep 23 15:06:02 2026] [::1]:57181 Closing
[Wed Sep 23 15:06:02 2026] [::1]:65465 Accepted
[Wed Sep 23 15:06:03 2026] [::1]:65465 Closing
[Wed Sep 23 15:06:03 2026] [::1]:49476 Accepted
[Wed Sep 23 15:06:03 2026] [::1]:49476 [200]: GET /favicon.ico
[Wed Sep 23 15:06:03 2026] [::1]:49476 Closing
[Wed Sep 23 15:06:04 2026] [::1]:52756 Accepted
[Wed Sep 23 15:06:04 2026] [::1]:52756 Closing
[Wed Sep 23 15:06:04 2026] [::1]:64179 Accepted
[Wed Sep 23 15:06:04 2026] [::1]:64179 Closing
[Wed Sep 23 15:06:04 2026] [::1]:52272 Accepted
[Wed Sep 23 15:06:04 2026] [::1]:61226 Accepted
[Wed Sep 23 15:06:04 2026] [::1]:52272 [200]: GET /assets/css/bootstrap.min.css
[Wed Sep 23 15:06:04 2026] [::1]:61226 [200]: GET /assets/js/bootstrap.bundle.min.js
[Wed Sep 23 15:06:04 2026] [::1]:52272 Closing
[Wed Sep 23 15:06:04 2026] [::1]:61226 Closing
[Wed Sep 23 15:06:04 2026] [::1]:49606 Accepted
[Wed Sep 23 15:06:04 2026] [::1]:49606 Closing
[Wed Sep 23 15:06:04 2026] [::1]:59274 Accepted
[Wed Sep 23 15:06:04 2026] [::1]:59274 [200]: GET /favicon.ico
[Wed Sep 23 15:06:04 2026] [::1]:59274 Closing
[Wed Sep 23 15:07:05 2026] [::1]:52061 Accepted
[Wed Sep 23 15:07:06 2026] [::1]:52061 Closing
[Wed Sep 23 15:07:06 2026] [::1]:64915 Accepted
[Wed Sep 23 15:07:06 2026] [::1]:64915 Closing
[Wed Sep 23 15:07:06 2026] [::1]:62362 Accepted
[Wed Sep 23 15:07:06 2026] [::1]:62362 Closing
[Wed Sep 23 15:07:06 2026] [::1]:64921 Accepted
[Wed Sep 23 15:07:06 2026] [::1]:49250 Accepted
[Wed Sep 23 15:07:06 2026] [::1]:64921 [200]: GET /assets/css/bootstrap.min.css
[Wed Sep 23 15:07:06 2026] [::1]:49250 [200]: GET /assets/js/bootstrap.bundle.min.js
[Wed Sep 23 15:07:06 2026] [::1]:64921 Closing
[Wed Sep 23 15:07:06 2026] [::1]:49250 Closing
[Wed Sep 23 15:07:06 2026] [::1]:59772 Accepted
[Wed Sep 23 15:07:06 2026] [::1]:59772 Closing
[Wed Sep 23 15:07:06 2026] [::1]:60234 Accepted
[Wed Sep 23 15:07:06 2026] [::1]:60234 [200]: GET /favicon.ico
[Wed Sep 23 15:07:06 2026] [::1]:60234 Closing
[Wed Sep 23 15:07:17 2026] [::1]:54217 Accepted
[Wed Sep 23 15:07:17 2026] [::1]:54217 Closing
[Wed Sep 23 15:07:17 2026] [::1]:58568 Accepted
[Wed Sep 23 15:07:17 2026] [::1]:58568 Closing
[Wed Sep 23 15:07:17 2026] [::1]:60558 Accepted
[Wed Sep 23 15:07:17 2026] [::1]:60558 Closing
[Wed Sep 23 15:07:17 2026] [::1]:55095 Accepted
[Wed Sep 23 15:07:17 2026] [::1]:57155 Accepted
[Wed Sep 23 15:07:17 2026] [::1]:55095 [200]: GET /assets/css/bootstrap.min.css
[Wed Sep 23 15:07:17 2026] [::1]:57155 [200]: GET /assets/js/bootstrap.bundle.min.js
[Wed Sep 23 15:07:17 2026] [::1]:55095 Closing
[Wed Sep 23 15:07:17 2026] [::1]:57155 Closing
[Wed Sep 23 15:07:17 2026] [::1]:63378 Accepted
[Wed Sep 23 15:07:17 2026] [::1]:63378 Closing
[Wed Sep 23 15:07:17 2026] [::1]:55484 Accepted
[Wed Sep 23 15:07:17 2026] [::1]:55484 [200]: GET /favicon.ico
[Wed Sep 23 15:07:17 2026] [::1]:55484 Closing
[Wed Sep 23 15:07:20 2026] [::1]:55395 Accepted
[Wed Sep 23 15:07:20 2026] [::1]:55395 Closing
[Wed Sep 23 15:07:20 2026] [::1]:61307 Accepted
[Wed Sep 23 15:07:20 2026] [::1]:61307 Closing
[Wed Sep 23 15:07:20 2026] [::1]:62427 Accepted
[Wed Sep 23 15:07:20 2026] [::1]:62427 Closing
[Wed Sep 23 15:07:20 2026] [::1]:51377 Accepted
[Wed Sep 23 15:07:20 2026] [::1]:57548 Accepted
[Wed Sep 23 15:07:20 2026] [::1]:51377 [200]: GET /assets/css/bootstrap.min.css
[Wed Sep 23 15:07:20 2026] [::1]:57548 [200]: GET /assets/js/bootstrap.bundle.min.js
[Wed Sep 23 15:07:20 2026] [::1]:51377 Closing
[Wed Sep 23 15:07:20 2026] [::1]:57548 Closing
[Wed Sep 23 15:07:20 2026] [::1]:60310 Accepted
[Wed Sep 23 15:07:20 2026] [::1]:60310 Closing
[Wed Sep 23 15:07:20 2026] [::1]:64449 Accepted
[Wed Sep 23 15:07:20 2026] [::1]:64449 [200]: GET /favicon.ico
[Wed Sep 23 15:07:20 2026] [::1]:64449 Closing
[Wed Sep 23 15:07:24 2026] [::1]:60796 Accepted
[Wed Sep 23 15:07:25 2026] [::1]:60796 Closing
[Wed Sep 23 15:07:25 2026] [::1]:55543 Accepted
[Wed Sep 23 15:07:25 2026] [::1]:55543 Closing
[Wed Sep 23 15:07:25 2026] [::1]:54978 Accepted
[Wed Sep 23 15:07:25 2026] [::1]:55804 Accepted
[Wed Sep 23 15:07:25 2026] [::1]:54978 [200]: GET /assets/css/bootstrap.min.css
[Wed Sep 23 15:07:25 2026] [::1]:55804 [200]: GET /assets/js/bootstrap.bundle.min.js
[Wed Sep 23 15:07:25 2026] [::1]:54978 Closing
[Wed Sep 23 15:07:25 2026] [::1]:55804 Closing
[Wed Sep 23 15:07:25 2026] [::1]:55835 Accepted
[Wed Sep 23 15:07:25 2026] [::1]:55835 Closing
[Wed Sep 23 15:07:25 2026] [::1]:53787 Accepted
[Wed Sep 23 15:07:25 2026] [::1]:53787 [200]: GET /favicon.ico
[Wed Sep 23 15:07:25 2026] [::1]:53787 Closing
[Wed Sep 23 15:07:27 2026] [::1]:58948 Accepted
[Wed Sep 23 15:07:28 2026] [::1]:58948 Closing
[Wed Sep 23 15:07:28 2026] [::1]:50475 Accepted
[Wed Sep 23 15:07:28 2026] [::1]:50475 Closing
[Wed Sep 23 15:07:28 2026] [::1]:58652 Accepted
[Wed Sep 23 15:07:28 2026] [::1]:58145 Accepted
[Wed Sep 23 15:07:28 2026] [::1]:58652 [200]: GET /assets/css/bootstrap.min.css
[Wed Sep 23 15:07:28 2026] [::1]:58145 [200]: GET /assets/js/bootstrap.bundle.min.js
[Wed Sep 23 15:07:28 2026] [::1]:58652 Closing
[Wed Sep 23 15:07:28 2026] [::1]:58145 Closing
[Wed Sep 23 15:07:28 2026] [::1]:52974 Accepted
[Wed Sep 23 15:07:28 2026] [::1]:52974 Closing
[Wed Sep 23 15:07:28 2026] [::1]:63022 Accepted
[Wed Sep 23 15:07:28 2026] [::1]:63022 [200]: GET /favicon.ico
[Wed Sep 23 15:07:28 2026] [::1]:63022 Closing
[Wed Sep 23 15:07:30 2026] [::1]:53087 Accepted
[Wed Sep 23 15:07:30 2026] [::1]:53087 Closing
[Wed Sep 23 15:07:31 2026] [::1]:62012 Accepted
[Wed Sep 23 15:07:31 2026] [::1]:62012 Closing
[Wed Sep 23 15:07:31 2026] [::1]:62445 Accepted
[Wed Sep 23 15:07:31 2026] [::1]:50662 Accepted
[Wed Sep 23 15:07:31 2026] [::1]:62445 [200]: GET /assets/css/bootstrap.min.css
[Wed Sep 23 15:07:31 2026] [::1]:50662 [200]: GET /assets/js/bootstrap.bundle.min.js
[Wed Sep 23 15:07:31 2026] [::1]:62445 Closing
[Wed Sep 23 15:07:31 2026] [::1]:50662 Closing
[Wed Sep 23 15:07:31 2026] [::1]:54524 Accepted
[Wed Sep 23 15:07:31 2026] [::1]:54524 Closing
[Wed Sep 23 15:07:31 2026] [::1]:50127 Accepted
[Wed Sep 23 15:07:31 2026] [::1]:50127 [200]: GET /favicon.ico
[Wed Sep 23 15:07:31 2026] [::1]:50127 Closing
[Wed Sep 23 15:08:37 2026] [::1]:61915 Accepted
[Wed Sep 23 15:08:37 2026] [::1]:61915 Closing
[Wed Sep 23 15:08:37 2026] [::1]:49875 Accepted
[Wed Sep 23 15:08:37 2026] [::1]:49875 [200]: GET /assets/css/bootstrap.min.css
[Wed Sep 23 15:08:37 2026] [::1]:49875 Closing
[Wed Sep 23 15:08:37 2026] [::1]:64953 Accepted
[Wed Sep 23 15:08:37 2026] [::1]:64953 Closing
[Wed Sep 23 15:08:48 2026] [::1]:58842 Accepted
[Wed Sep 23 15:08:48 2026] [::1]:58842 Closing
[Wed Sep 23 15:08:48 2026] [::1]:64950 Accepted
[Wed Sep 23 15:08:48 2026] [::1]:64950 Closing
[Wed Sep 23 15:08:48 2026] [::1]:55004 Accepted
[Wed Sep 23 15:08:48 2026] [::1]:50601 Accepted
[Wed Sep 23 15:08:48 2026] [::1]:55004 [200]: GET /assets/css/bootstrap.min.css
[Wed Sep 23 15:08:48 2026] [::1]:50601 [200]: GET /assets/js/bootstrap.bundle.min.js
[Wed Sep 23 15:08:48 2026] [::1]:55004 Closing
[Wed Sep 23 15:08:48 2026] [::1]:50601 Closing
[Wed Sep 23 15:08:48 2026] [::1]:57315 Accepted
[Wed Sep 23 15:08:48 2026] [::1]:57315 Closing
[Wed Sep 23 15:08:48 2026] [::1]:60867 Accepted
[Wed Sep 23 15:08:48 2026] [::1]:60867 [200]: GET /favicon.ico
[Wed Sep 23 15:08:48 2026] [::1]:60867 Closing
[Wed Sep 23 15:08:52 2026] [::1]:64611 Accepted
[Wed Sep 23 15:08:52 2026] [::1]:64611 Closing
[Wed Sep 23 15:08:52 2026] [::1]:58562 Accepted
[Wed Sep 23 15:08:52 2026] [::1]:58562 Closing
[Wed Sep 23 15:08:52 2026] [::1]:60334 Accepted
[Wed Sep 23 15:08:53 2026] [::1]:60334 Closing
[Wed Sep 23 15:08:53 2026] [::1]:54036 Accepted
[Wed Sep 23 15:08:53 2026] [::1]:59768 Accepted
[Wed Sep 23 15:08:53 2026] [::1]:54036 [200]: GET /assets/css/bootstrap.min.css
[Wed Sep 23 15:08:53 2026] [::1]:59768 [200]: GET /assets/js/bootstrap.bundle.min.js
[Wed Sep 23 15:08:53 2026] [::1]:54036 Closing
[Wed Sep 23 15:08:53 2026] [::1]:59768 Closing
[Wed Sep 23 15:08:53 2026] [::1]:55550 Accepted
[Wed Sep 23 15:08:53 2026] [::1]:55550 Closing
[Wed Sep 23 15:08:53 2026] [::1]:62444 Accepted
[Wed Sep 23 15:08:53 2026] [::1]:62444 [200]: GET /favicon.ico
[Wed Sep 23 15:08:53 2026] [::1]:62444 Closing
[Wed Sep 23 15:08:55 2026] [::1]:63262 Accepted
[Wed Sep 23 15:08:56 2026] [::1]:63262 Closing
[Wed Sep 23 15:08:56 2026] [::1]:63537 Accepted
[Wed Sep 23 15:08:56 2026] [::1]:63537 Closing
[Wed Sep 23 15:08:56 2026] [::1]:51020 Accepted
[Wed Sep 23 15:08:56 2026] [::1]:50149 Accepted
[Wed Sep 23 15:08:56 2026] [::1]:51020 [200]: GET /assets/css/bootstrap.min.css
[Wed Sep 23 15:08:56 2026] [::1]:50149 [200]: GET /assets/js/bootstrap.bundle.min.js
[Wed Sep 23 15:08:56 2026] [::1]:51020 Closing
[Wed Sep 23 15:08:56 2026] [::1]:50149 Closing
[Wed Sep 23 15:08:56 2026] [::1]:56539 Accepted
[Wed Sep 23 15:08:56 2026] [::1]:56539 Closing
[Wed Sep 23 15:08:56 2026] [::1]:54442 Accepted
[Wed Sep 23 15:08:56 2026] [::1]:54442 [200]: GET /favicon.ico
[Wed Sep 23 15:08:56 2026] [::1]:54442 Closing
[Wed Sep 23 15:09:04 2026] [::1]:60583 Accepted
[Wed Sep 23 15:09:04 2026] [::1]:60583 Closing
[Wed Sep 23 15:09:04 2026] [::1]:54558 Accepted
[Wed Sep 23 15:09:04 2026] [::1]:54558 Closing
[Wed Sep 23 15:09:04 2026] [::1]:62377 Accepted
[Wed Sep 23 15:09:04 2026] [::1]:60915 Accepted
[Wed Sep 23 15:09:04 2026] [::1]:62377 [200]: GET /assets/css/bootstrap.min.css
[Wed Sep 23 15:09:04 2026] [::1]:60915 [200]: GET /assets/js/bootstrap.bundle.min.js
[Wed Sep 23 15:09:04 2026] [::1]:62377 Closing
[Wed Sep 23 15:09:04 2026] [::1]:60915 Closing
[Wed Sep 23 15:09:04 2026] [::1]:49848 Accepted
[Wed Sep 23 15:09:05 2026] [::1]:49848 Closing
[Wed Sep 23 15:09:05 2026] [::1]:53119 Accepted
[Wed Sep 23 15:09:05 2026] [::1]:53119 [200]: GET /favicon.ico
[Wed Sep 23 15:09:05 2026] [::1]:53119 Closing
[Wed Sep 23 15:09:10 2026] [::1]:55198 Accepted
[Wed Sep 23 15:09:11 2026] [::1]:55198 Closing
[Wed Sep 23 15:09:11 2026] [::1]:62119 Accepted
[Wed Sep 23 15:09:11 2026] [::1]:62119 Closing
[Wed Sep 23 15:09:11 2026] [::1]:63775 Accepted
[Wed Sep 23 15:09:11 2026] [::1]:63227 Accepted
[Wed Sep 23 15:09:11 2026] [::1]:63775 [200]: GET /assets/css/bootstrap.min.css
[Wed Sep 23 15:09:11 2026] [::1]:63227 [200]: GET /assets/js/bootstrap.bundle.min.js
[Wed Sep 23 15:09:11 2026] [::1]:63775 Closing
[Wed Sep 23 15:09:11 2026] [::1]:63227 Closing
[Wed Sep 23 15:09:11 2026] [::1]:55401 Accepted
[Wed Sep 23 15:09:11 2026] [::1]:55401 Closing
[Wed Sep 23 15:09:11 2026] [::1]:59829 Accepted
[Wed Sep 23 15:09:11 2026] [::1]:59829 [200]: GET /favicon.ico
[Wed Sep 23 15:09:11 2026] [::1]:59829 Closing
[Wed Sep 23 15:09:13 2026] [::1]:61123 Accepted
[Wed Sep 23 15:09:13 2026] [::1]:61123 Closing
[Wed Sep 23 15:09:13 2026] [::1]:63097 Accepted
[Wed Sep 23 15:09:13 2026] [::1]:63097 Closing
[Wed Sep 23 15:09:13 2026] [::1]:52908 Accepted
[Wed Sep 23 15:09:13 2026] [::1]:50666 Accepted
[Wed Sep 23 15:09:13 2026] [::1]:52908 [200]: GET /assets/css/bootstrap.min.css
[Wed Sep 23 15:09:13 2026] [::1]:50666 [200]: GET /assets/js/bootstrap.bundle.min.js
[Wed Sep 23 15:09:13 2026] [::1]:52908 Closing
[Wed Sep 23 15:09:13 2026] [::1]:50666 Closing
[Wed Sep 23 15:09:13 2026] [::1]:64350 Accepted
[Wed Sep 23 15:09:13 2026] [::1]:64350 Closing
[Wed Sep 23 15:09:13 2026] [::1]:58451 Accepted
[Wed Sep 23 15:09:13 2026] [::1]:58451 [200]: GET /favicon.ico
[Wed Sep 23 15:09:13 2026] [::1]:58451 Closing
[Wed Sep 23 15:09:26 2026] [::1]:57376 Accepted
[Wed Sep 23 15:09:26 2026] [::1]:57376 Closing
[Wed Sep 23 15:09:26 2026] [::1]:61452 Accepted
[Wed Sep 23 15:09:26 2026] [::1]:61452 Closing
[Wed Sep 23 15:09:26 2026] [::1]:61273 Accepted
[Wed Sep 23 15:09:26 2026] [::1]:61273 Closing
[Wed Sep 23 15:09:26 2026] [::1]:56590 Accepted
[Wed Sep 23 15:09:26 2026] [::1]:58581 Accepted
[Wed Sep 23 15:09:26 2026] [::1]:56590 [200]: GET /assets/css/bootstrap.min.css
[Wed Sep 23 15:09:26 2026] [::1]:58581 [200]: GET /assets/js/bootstrap.bundle.min.js
[Wed Sep 23 15:09:26 2026] [::1]:56590 Closing
[Wed Sep 23 15:09:26 2026] [::1]:58581 Closing
[Wed Sep 23 15:09:26 2026] [::1]:58193 Accepted
[Wed Sep 23 15:09:26 2026] [::1]:58193 Closing
[Wed Sep 23 15:09:26 2026] [::1]:63936 Accepted
[Wed Sep 23 15:09:26 2026] [::1]:63936 [200]: GET /favicon.ico
[Wed Sep 23 15:09:26 2026] [::1]:63936 Closing
[Wed Sep 23 15:12:45 2026] [::1]:61386 Accepted
[Wed Sep 23 15:12:46 2026] [::1]:61386 Closing
[Wed Sep 23 15:12:46 2026] [::1]:51130 Accepted
[Wed Sep 23 15:12:46 2026] [::1]:51130 Closing
[Wed Sep 23 15:12:46 2026] [::1]:53380 Accepted
[Wed Sep 23 15:12:46 2026] [::1]:61586 Accepted
[Wed Sep 23 15:12:46 2026] [::1]:53380 [200]: GET /assets/css/bootstrap.min.css
[Wed Sep 23 15:12:46 2026] [::1]:61586 [200]: GET /assets/js/bootstrap.bundle.min.js
[Wed Sep 23 15:12:46 2026] [::1]:53380 Closing
[Wed Sep 23 15:12:46 2026] [::1]:61586 Closing
[Wed Sep 23 15:12:46 2026] [::1]:65407 Accepted
[Wed Sep 23 15:12:46 2026] [::1]:65407 Closing
[Wed Sep 23 15:12:46 2026] [::1]:53321 Accepted
[Wed Sep 23 15:12:46 2026] [::1]:53321 [200]: GET /favicon.ico
[Wed Sep 23 15:12:46 2026] [::1]:53321 Closing
[Wed Sep 23 15:12:47 2026] [::1]:50689 Accepted
[Wed Sep 23 15:12:47 2026] [::1]:50689 Closing
[Wed Sep 23 15:12:47 2026] [::1]:53566 Accepted
[Wed Sep 23 15:12:47 2026] [::1]:52506 Accepted
[Wed Sep 23 15:12:47 2026] [::1]:53566 Closing
[Wed Sep 23 15:12:47 2026] [::1]:50933 Accepted
[Wed Sep 23 15:12:47 2026] [::1]:52506 [200]: GET /assets/css/bootstrap.min.css
[Wed Sep 23 15:12:47 2026] [::1]:50933 [200]: GET /assets/js/bootstrap.bundle.min.js
[Wed Sep 23 15:12:47 2026] [::1]:52506 Closing
[Wed Sep 23 15:12:47 2026] [::1]:50933 Closing
[Wed Sep 23 15:12:47 2026] [::1]:50922 Accepted
[Wed Sep 23 15:12:47 2026] [::1]:50922 Closing
[Wed Sep 23 15:12:47 2026] [::1]:54554 Accepted
[Wed Sep 23 15:12:47 2026] [::1]:54554 [200]: GET /favicon.ico
[Wed Sep 23 15:12:47 2026] [::1]:54554 Closing
[Wed Sep 23 15:12:57 2026] [::1]:62495 Accepted
[Wed Sep 23 15:12:57 2026] [::1]:62495 Closing
[Wed Sep 23 15:12:57 2026] [::1]:60834 Accepted
[Wed Sep 23 15:12:57 2026] [::1]:60834 Closing
[Wed Sep 23 15:12:57 2026] [::1]:59945 Accepted
[Wed Sep 23 15:12:57 2026] [::1]:59945 Closing
[Wed Sep 23 15:12:57 2026] [::1]:54153 Accepted
[Wed Sep 23 15:12:57 2026] [::1]:57187 Accepted
[Wed Sep 23 15:12:57 2026] [::1]:54153 [200]: GET /assets/css/bootstrap.min.css
[Wed Sep 23 15:12:57 2026] [::1]:57187 [200]: GET /assets/js/bootstrap.bundle.min.js
[Wed Sep 23 15:12:57 2026] [::1]:54153 Closing
[Wed Sep 23 15:12:57 2026] [::1]:57187 Closing
[Wed Sep 23 15:12:57 2026] [::1]:62244 Accepted
[Wed Sep 23 15:12:57 2026] [::1]:62244 Closing
[Wed Sep 23 15:12:57 2026] [::1]:59571 Accepted
[Wed Sep 23 15:12:57 2026] [::1]:59571 [200]: GET /favicon.ico
[Wed Sep 23 15:12:57 2026] [::1]:59571 Closing
[Wed Sep 23 15:13:51 2026] [::1]:55909 Accepted
[Wed Sep 23 15:13:51 2026] [::1]:55909 Closing
[Wed Sep 23 15:13:51 2026] [::1]:49883 Accepted
[Wed Sep 23 15:13:51 2026] [::1]:49883 Closing
[Wed Sep 23 15:13:51 2026] [::1]:59230 Accepted
[Wed Sep 23 15:13:51 2026] [::1]:63572 Accepted
[Wed Sep 23 15:13:51 2026] [::1]:59230 [200]: GET /assets/css/bootstrap.min.css
[Wed Sep 23 15:13:51 2026] [::1]:63572 [200]: GET /assets/js/bootstrap.bundle.min.js
[Wed Sep 23 15:13:51 2026] [::1]:59230 Closing
[Wed Sep 23 15:13:51 2026] [::1]:63572 Closing
[Wed Sep 23 15:13:51 2026] [::1]:53858 Accepted
[Wed Sep 23 15:13:51 2026] [::1]:53858 Closing
[Wed Sep 23 15:13:51 2026] [::1]:58259 Accepted
[Wed Sep 23 15:13:51 2026] [::1]:58259 [200]: GET /favicon.ico
[Wed Sep 23 15:13:51 2026] [::1]:58259 Closing
[Wed Sep 23 15:13:55 2026] [::1]:63744 Accepted
[Wed Sep 23 15:13:55 2026] [::1]:63744 Closing
[Wed Sep 23 15:13:55 2026] [::1]:63749 Accepted
[Wed Sep 23 15:13:55 2026] [::1]:63749 Closing
[Wed Sep 23 15:13:55 2026] [::1]:62141 Accepted
[Wed Sep 23 15:13:55 2026] [::1]:62680 Accepted
[Wed Sep 23 15:13:55 2026] [::1]:62141 [200]: GET /assets/css/bootstrap.min.css
[Wed Sep 23 15:13:55 2026] [::1]:62680 [200]: GET /assets/js/bootstrap.bundle.min.js
[Wed Sep 23 15:13:55 2026] [::1]:62141 Closing
[Wed Sep 23 15:13:55 2026] [::1]:62680 Closing
[Wed Sep 23 15:13:55 2026] [::1]:54037 Accepted
[Wed Sep 23 15:13:55 2026] [::1]:54037 Closing
[Wed Sep 23 15:13:55 2026] [::1]:51438 Accepted
[Wed Sep 23 15:13:55 2026] [::1]:51438 [200]: GET /favicon.ico
[Wed Sep 23 15:13:55 2026] [::1]:51438 Closing
[Wed Sep 23 15:15:52 2026] [::1]:64493 Accepted
[Wed Sep 23 15:15:52 2026] [::1]:64493 Closing
[Wed Sep 23 15:15:52 2026] [::1]:63158 Accepted
[Wed Sep 23 15:15:52 2026] [::1]:63158 Closing
[Wed Sep 23 15:15:52 2026] [::1]:63467 Accepted
[Wed Sep 23 15:15:52 2026] [::1]:57686 Accepted
[Wed Sep 23 15:15:52 2026] [::1]:63467 [200]: GET /assets/css/bootstrap.min.css
[Wed Sep 23 15:15:52 2026] [::1]:57686 [200]: GET /assets/js/bootstrap.bundle.min.js
[Wed Sep 23 15:15:52 2026] [::1]:63467 Closing
[Wed Sep 23 15:15:52 2026] [::1]:57686 Closing
[Wed Sep 23 15:15:52 2026] [::1]:49673 Accepted
[Wed Sep 23 15:15:52 2026] [::1]:49673 Closing
[Wed Sep 23 15:15:52 2026] [::1]:54592 Accepted
[Wed Sep 23 15:15:52 2026] [::1]:54592 [200]: GET /favicon.ico
[Wed Sep 23 15:15:52 2026] [::1]:54592 Closing
[Wed Sep 23 15:16:04 2026] [::1]:57888 Accepted
[Wed Sep 23 15:16:05 2026] [::1]:57888 Closing
[Wed Sep 23 15:16:05 2026] [::1]:58013 Accepted
[Wed Sep 23 15:16:05 2026] [::1]:58013 Closing
[Wed Sep 23 15:16:05 2026] [::1]:57547 Accepted
[Wed Sep 23 15:16:05 2026] [::1]:49539 Accepted
[Wed Sep 23 15:16:05 2026] [::1]:51840 Accepted
[Wed Sep 23 15:16:05 2026] [::1]:49539 [200]: GET /assets/css/bootstrap.min.css
[Wed Sep 23 15:16:05 2026] [::1]:57547 Closing
[Wed Sep 23 15:16:05 2026] [::1]:51840 [200]: GET /assets/js/bootstrap.bundle.min.js
[Wed Sep 23 15:16:05 2026] [::1]:49539 Closing
[Wed Sep 23 15:16:05 2026] [::1]:51840 Closing
[Wed Sep 23 15:16:05 2026] [::1]:50624 Accepted
[Wed Sep 23 15:16:05 2026] [::1]:50624 Closing
[Wed Sep 23 15:16:05 2026] [::1]:62830 Accepted
[Wed Sep 23 15:16:05 2026] [::1]:62830 [200]: GET /favicon.ico
[Wed Sep 23 15:16:05 2026] [::1]:62830 Closing
[Wed Sep 23 15:16:09 2026] [::1]:62386 Accepted
[Wed Sep 23 15:16:09 2026] [::1]:62386 Closing
[Wed Sep 23 15:16:09 2026] [::1]:58553 Accepted
[Wed Sep 23 15:16:09 2026] [::1]:58553 Closing
[Wed Sep 23 15:16:09 2026] [::1]:51711 Accepted
[Wed Sep 23 15:16:09 2026] [::1]:50901 Accepted
[Wed Sep 23 15:16:09 2026] [::1]:51711 [200]: GET /assets/css/bootstrap.min.css
[Wed Sep 23 15:16:09 2026] [::1]:50901 [200]: GET /assets/js/bootstrap.bundle.min.js
[Wed Sep 23 15:16:09 2026] [::1]:51711 Closing
[Wed Sep 23 15:16:09 2026] [::1]:50901 Closing
[Wed Sep 23 15:16:09 2026] [::1]:52479 Accepted
[Wed Sep 23 15:16:09 2026] [::1]:52479 Closing
[Wed Sep 23 15:16:11 2026] [::1]:64403 Accepted
[Wed Sep 23 15:16:11 2026] [::1]:64403 Closing
[Wed Sep 23 15:16:11 2026] [::1]:60745 Accepted
[Wed Sep 23 15:16:11 2026] [::1]:60745 Closing
[Wed Sep 23 15:16:11 2026] [::1]:61757 Accepted
[Wed Sep 23 15:16:11 2026] [::1]:57379 Accepted
[Wed Sep 23 15:16:11 2026] [::1]:61757 [200]: GET /assets/css/bootstrap.min.css
[Wed Sep 23 15:16:11 2026] [::1]:57379 [200]: GET /assets/js/bootstrap.bundle.min.js
[Wed Sep 23 15:16:11 2026] [::1]:61757 Closing
[Wed Sep 23 15:16:11 2026] [::1]:57379 Closing
[Wed Sep 23 15:16:11 2026] [::1]:61253 Accepted
[Wed Sep 23 15:16:11 2026] [::1]:61253 Closing
[Wed Sep 23 15:16:12 2026] [::1]:59751 Accepted
[Wed Sep 23 15:16:12 2026] [::1]:59751 Closing
[Wed Sep 23 15:16:12 2026] [::1]:55589 Accepted
[Wed Sep 23 15:16:12 2026] [::1]:55589 Closing
[Wed Sep 23 15:16:12 2026] [::1]:56129 Accepted
[Wed Sep 23 15:16:12 2026] [::1]:59831 Accepted
[Wed Sep 23 15:16:12 2026] [::1]:56129 [200]: GET /assets/css/bootstrap.min.css
[Wed Sep 23 15:16:12 2026] [::1]:59831 [200]: GET /assets/js/bootstrap.bundle.min.js
[Wed Sep 23 15:16:12 2026] [::1]:56129 Closing
[Wed Sep 23 15:16:12 2026] [::1]:59831 Closing
[Wed Sep 23 15:16:12 2026] [::1]:50977 Accepted
[Wed Sep 23 15:16:13 2026] [::1]:50977 Closing
[Wed Sep 23 15:17:51 2026] [::1]:53371 Accepted
[Wed Sep 23 15:17:51 2026] [::1]:59546 Accepted
[Wed Sep 23 15:17:51 2026] [::1]:53371 Closing
[Wed Sep 23 15:17:51 2026] [::1]:59546 Closing
[Wed Sep 23 15:17:51 2026] [::1]:61165 Accepted
[Wed Sep 23 15:17:51 2026] [::1]:61610 Accepted
[Wed Sep 23 15:17:51 2026] [::1]:61165 [200]: GET /assets/css/bootstrap.min.css
[Wed Sep 23 15:17:51 2026] [::1]:61610 [200]: GET /assets/js/bootstrap.bundle.min.js
[Wed Sep 23 15:17:51 2026] [::1]:61165 Closing
[Wed Sep 23 15:17:51 2026] [::1]:61610 Closing
[Wed Sep 23 15:17:51 2026] [::1]:59837 Accepted
[Wed Sep 23 15:17:52 2026] [::1]:59837 Closing
[Wed Sep 23 15:17:52 2026] [::1]:61745 Accepted
[Wed Sep 23 15:17:52 2026] [::1]:61745 [200]: GET /favicon.ico
[Wed Sep 23 15:17:52 2026] [::1]:61745 Closing
[Wed Sep 23 15:17:55 2026] [::1]:52712 Accepted
[Wed Sep 23 15:17:55 2026] [::1]:52712 Closing
[Wed Sep 23 15:17:55 2026] [::1]:49328 Accepted
[Wed Sep 23 15:17:55 2026] [::1]:49328 Closing
[Wed Sep 23 15:17:55 2026] [::1]:61731 Accepted
[Wed Sep 23 15:17:55 2026] [::1]:49569 Accepted
[Wed Sep 23 15:17:55 2026] [::1]:61731 [200]: GET /assets/css/bootstrap.min.css
[Wed Sep 23 15:17:55 2026] [::1]:49569 [200]: GET /assets/js/bootstrap.bundle.min.js
[Wed Sep 23 15:17:55 2026] [::1]:61731 Closing
[Wed Sep 23 15:17:55 2026] [::1]:49569 Closing
[Wed Sep 23 15:17:55 2026] [::1]:59509 Accepted
[Wed Sep 23 15:17:55 2026] [::1]:59509 Closing
[Wed Sep 23 15:17:58 2026] [::1]:55563 Accepted
[Wed Sep 23 15:17:59 2026] [::1]:49965 Accepted
[Wed Sep 23 15:17:59 2026] [::1]:55563 Closing
[Wed Sep 23 15:17:59 2026] [::1]:49965 Closing
[Wed Sep 23 15:17:59 2026] [::1]:53868 Accepted
[Wed Sep 23 15:17:59 2026] [::1]:56437 Accepted
[Wed Sep 23 15:17:59 2026] [::1]:53868 [200]: GET /assets/css/bootstrap.min.css
[Wed Sep 23 15:17:59 2026] [::1]:56437 [200]: GET /assets/js/bootstrap.bundle.min.js
[Wed Sep 23 15:17:59 2026] [::1]:53868 Closing
[Wed Sep 23 15:17:59 2026] [::1]:56437 Closing
[Wed Sep 23 15:17:59 2026] [::1]:57468 Accepted
[Wed Sep 23 15:17:59 2026] [::1]:57468 Closing
[Wed Sep 23 15:18:01 2026] [::1]:63716 Accepted
[Wed Sep 23 15:18:01 2026] [::1]:63716 Closing
[Wed Sep 23 15:18:01 2026] [::1]:63547 Accepted
[Wed Sep 23 15:18:01 2026] [::1]:63547 Closing
[Wed Sep 23 15:18:01 2026] [::1]:56970 Accepted
[Wed Sep 23 15:18:01 2026] [::1]:55001 Accepted
[Wed Sep 23 15:18:01 2026] [::1]:56970 [200]: GET /assets/css/bootstrap.min.css
[Wed Sep 23 15:18:01 2026] [::1]:55001 [200]: GET /assets/js/bootstrap.bundle.min.js
[Wed Sep 23 15:18:01 2026] [::1]:56970 Closing
[Wed Sep 23 15:18:01 2026] [::1]:55001 Closing
[Wed Sep 23 15:18:01 2026] [::1]:58747 Accepted
[Wed Sep 23 15:18:01 2026] [::1]:58747 Closing
[Wed Sep 23 15:18:08 2026] [::1]:64339 Accepted
[Wed Sep 23 15:18:08 2026] [::1]:64339 Closing
[Wed Sep 23 15:18:08 2026] [::1]:57073 Accepted
[Wed Sep 23 15:18:08 2026] [::1]:57073 Closing
[Wed Sep 23 15:18:08 2026] [::1]:59534 Accepted
[Wed Sep 23 15:18:08 2026] [::1]:59534 Closing
[Wed Sep 23 15:18:08 2026] [::1]:64330 Accepted
[Wed Sep 23 15:18:08 2026] [::1]:60138 Accepted
[Wed Sep 23 15:18:08 2026] [::1]:64330 [200]: GET /assets/css/bootstrap.min.css
[Wed Sep 23 15:18:08 2026] [::1]:60138 [200]: GET /assets/js/bootstrap.bundle.min.js
[Wed Sep 23 15:18:08 2026] [::1]:64330 Closing
[Wed Sep 23 15:18:08 2026] [::1]:60138 Closing
[Wed Sep 23 15:18:08 2026] [::1]:56445 Accepted
[Wed Sep 23 15:18:08 2026] [::1]:56445 Closing
[Wed Sep 23 15:18:29 2026] [::1]:65301 Accepted
[Wed Sep 23 15:18:29 2026] [::1]:57676 Accepted
[Wed Sep 23 15:18:29 2026] [::1]:65301 Closing
[Wed Sep 23 15:18:29 2026] [::1]:57676 Closing
[Wed Sep 23 15:18:29 2026] [::1]:61689 Accepted
[Wed Sep 23 15:18:29 2026] [::1]:58265 Accepted
[Wed Sep 23 15:18:29 2026] [::1]:61689 [200]: GET /assets/css/bootstrap.min.css
[Wed Sep 23 15:18:29 2026] [::1]:58265 [200]: GET /assets/js/bootstrap.bundle.min.js
[Wed Sep 23 15:18:29 2026] [::1]:61689 Closing
[Wed Sep 23 15:18:29 2026] [::1]:58265 Closing
[Wed Sep 23 15:18:29 2026] [::1]:52037 Accepted
[Wed Sep 23 15:18:29 2026] [::1]:52037 Closing
[Wed Sep 23 15:18:29 2026] [::1]:54459 Accepted
[Wed Sep 23 15:18:29 2026] [::1]:54459 [200]: GET /favicon.ico
[Wed Sep 23 15:18:29 2026] [::1]:54459 Closing
[Wed Sep 23 15:18:35 2026] [::1]:51673 Accepted
[Wed Sep 23 15:18:35 2026] [::1]:51673 Closing
[Wed Sep 23 15:18:35 2026] [::1]:59717 Accepted
[Wed Sep 23 15:18:35 2026] [::1]:59717 Closing
[Wed Sep 23 15:18:35 2026] [::1]:51003 Accepted
[Wed Sep 23 15:18:35 2026] [::1]:54583 Accepted
[Wed Sep 23 15:18:35 2026] [::1]:51003 [200]: GET /assets/css/bootstrap.min.css
[Wed Sep 23 15:18:35 2026] [::1]:54583 [200]: GET /assets/js/bootstrap.bundle.min.js
[Wed Sep 23 15:18:35 2026] [::1]:51003 Closing
[Wed Sep 23 15:18:35 2026] [::1]:54583 Closing
[Wed Sep 23 15:18:35 2026] [::1]:53333 Accepted
[Wed Sep 23 15:18:35 2026] [::1]:53333 Closing
[Wed Sep 23 15:18:35 2026] [::1]:50810 Accepted
[Wed Sep 23 15:18:35 2026] [::1]:50810 [200]: GET /favicon.ico
[Wed Sep 23 15:18:35 2026] [::1]:50810 Closing
[Wed Sep 23 15:19:20 2026] [::1]:63381 Accepted
[Wed Sep 23 15:19:20 2026] [::1]:63381 Closing
[Wed Sep 23 15:19:20 2026] [::1]:50175 Accepted
[Wed Sep 23 15:19:20 2026] [::1]:50175 Closing
[Wed Sep 23 15:19:20 2026] [::1]:59338 Accepted
[Wed Sep 23 15:19:20 2026] [::1]:59989 Accepted
[Wed Sep 23 15:19:20 2026] [::1]:59338 [200]: GET /assets/css/bootstrap.min.css
[Wed Sep 23 15:19:20 2026] [::1]:59989 [200]: GET /assets/js/bootstrap.bundle.min.js
[Wed Sep 23 15:19:20 2026] [::1]:59338 Closing
[Wed Sep 23 15:19:20 2026] [::1]:59989 Closing
[Wed Sep 23 15:19:20 2026] [::1]:63360 Accepted
[Wed Sep 23 15:19:20 2026] [::1]:63360 Closing
[Wed Sep 23 15:19:22 2026] [::1]:55824 Accepted
[Wed Sep 23 15:19:22 2026] [::1]:55824 Closing
[Wed Sep 23 15:19:22 2026] [::1]:50758 Accepted
[Wed Sep 23 15:19:22 2026] [::1]:50758 Closing
[Wed Sep 23 15:19:22 2026] [::1]:56850 Accepted
[Wed Sep 23 15:19:22 2026] [::1]:56460 Accepted
[Wed Sep 23 15:19:22 2026] [::1]:56850 [200]: GET /assets/css/bootstrap.min.css
[Wed Sep 23 15:19:22 2026] [::1]:56460 [200]: GET /assets/js/bootstrap.bundle.min.js
[Wed Sep 23 15:19:22 2026] [::1]:56850 Closing
[Wed Sep 23 15:19:22 2026] [::1]:56460 Closing
[Wed Sep 23 15:19:22 2026] [::1]:51088 Accepted
[Wed Sep 23 15:19:22 2026] [::1]:51088 Closing
[Wed Sep 23 15:19:23 2026] [::1]:56104 Accepted
[Wed Sep 23 15:19:24 2026] [::1]:56104 Closing
[Wed Sep 23 15:19:24 2026] [::1]:62855 Accepted
[Wed Sep 23 15:19:24 2026] [::1]:62855 Closing
[Wed Sep 23 15:19:24 2026] [::1]:57719 Accepted
[Wed Sep 23 15:19:24 2026] [::1]:56393 Accepted
[Wed Sep 23 15:19:24 2026] [::1]:57719 [200]: GET /assets/css/bootstrap.min.css
[Wed Sep 23 15:19:24 2026] [::1]:56393 [200]: GET /assets/js/bootstrap.bundle.min.js
[Wed Sep 23 15:19:24 2026] [::1]:57719 Closing
[Wed Sep 23 15:19:24 2026] [::1]:56393 Closing
[Wed Sep 23 15:19:24 2026] [::1]:60050 Accepted
[Wed Sep 23 15:19:24 2026] [::1]:60050 Closing
[Wed Sep 23 15:19:28 2026] [::1]:59900 Accepted
[Wed Sep 23 15:19:29 2026] [::1]:59900 Closing
[Wed Sep 23 15:19:29 2026] [::1]:55433 Accepted
[Wed Sep 23 15:19:29 2026] [::1]:55433 Closing
[Wed Sep 23 15:19:29 2026] [::1]:55809 Accepted
[Wed Sep 23 15:19:29 2026] [::1]:55809 Closing
[Wed Sep 23 15:19:29 2026] [::1]:49438 Accepted
[Wed Sep 23 15:19:29 2026] [::1]:56086 Accepted
[Wed Sep 23 15:19:29 2026] [::1]:49438 [200]: GET /assets/css/bootstrap.min.css
[Wed Sep 23 15:19:29 2026] [::1]:56086 [200]: GET /assets/js/bootstrap.bundle.min.js
[Wed Sep 23 15:19:29 2026] [::1]:49438 Closing
[Wed Sep 23 15:19:29 2026] [::1]:56086 Closing
[Wed Sep 23 15:19:29 2026] [::1]:50721 Accepted
[Wed Sep 23 15:19:29 2026] [::1]:50721 Closing
[Wed Sep 23 15:19:34 2026] [::1]:63388 Accepted
[Wed Sep 23 15:19:34 2026] [::1]:63388 Closing
[Wed Sep 23 15:19:34 2026] [::1]:52521 Accepted
[Wed Sep 23 15:19:34 2026] [::1]:52521 Closing
[Wed Sep 23 15:19:34 2026] [::1]:63849 Accepted
[Wed Sep 23 15:19:34 2026] [::1]:63849 [200]: GET /favicon.ico
[Wed Sep 23 15:19:34 2026] [::1]:63849 Closing
[Wed Sep 23 15:19:37 2026] [::1]:53284 Accepted
[Wed Sep 23 15:19:37 2026] [::1]:53284 Closing
[Wed Sep 23 15:19:37 2026] [::1]:55246 Accepted
[Wed Sep 23 15:19:37 2026] [::1]:55246 Closing
[Wed Sep 23 15:19:37 2026] [::1]:51137 Accepted
[Wed Sep 23 15:19:37 2026] [::1]:58429 Accepted
[Wed Sep 23 15:19:37 2026] [::1]:51137 [200]: GET /assets/css/bootstrap.min.css
[Wed Sep 23 15:19:37 2026] [::1]:58429 [200]: GET /assets/js/bootstrap.bundle.min.js
[Wed Sep 23 15:19:37 2026] [::1]:51137 Closing
[Wed Sep 23 15:19:37 2026] [::1]:58429 Closing
[Wed Sep 23 15:19:37 2026] [::1]:51533 Accepted
[Wed Sep 23 15:19:37 2026] [::1]:51533 Closing
[Wed Sep 23 15:19:37 2026] [::1]:52238 Accepted
[Wed Sep 23 15:19:37 2026] [::1]:52238 [200]: GET /favicon.ico
[Wed Sep 23 15:19:37 2026] [::1]:52238 Closing
[Wed Sep 23 15:19:42 2026] [::1]:56575 Accepted
[Wed Sep 23 15:19:42 2026] [::1]:56575 Closing
[Wed Sep 23 15:19:42 2026] [::1]:51169 Accepted
[Wed Sep 23 15:19:42 2026] [::1]:51169 Closing
[Wed Sep 23 15:19:42 2026] [::1]:49414 Accepted
[Wed Sep 23 15:19:42 2026] [::1]:65277 Accepted
[Wed Sep 23 15:19:42 2026] [::1]:49414 [200]: GET /assets/css/bootstrap.min.css
[Wed Sep 23 15:19:42 2026] [::1]:65277 [200]: GET /assets/js/bootstrap.bundle.min.js
[Wed Sep 23 15:19:42 2026] [::1]:49414 Closing
[Wed Sep 23 15:19:42 2026] [::1]:65277 Closing
[Wed Sep 23 15:19:42 2026] [::1]:52120 Accepted
[Wed Sep 23 15:19:42 2026] [::1]:52120 Closing
[Wed Sep 23 15:19:42 2026] [::1]:52846 Accepted
[Wed Sep 23 15:19:42 2026] [::1]:52846 [200]: GET /favicon.ico
[Wed Sep 23 15:19:42 2026] [::1]:52846 Closing
[Wed Sep 23 15:19:47 2026] [::1]:57181 Accepted
[Wed Sep 23 15:19:47 2026] [::1]:57181 Closing
[Wed Sep 23 15:19:47 2026] [::1]:64744 Accepted
[Wed Sep 23 15:19:47 2026] [::1]:64744 Closing
[Wed Sep 23 15:19:47 2026] [::1]:58431 Accepted
[Wed Sep 23 15:19:47 2026] [::1]:64331 Accepted
[Wed Sep 23 15:19:47 2026] [::1]:58431 [200]: GET /assets/css/bootstrap.min.css
[Wed Sep 23 15:19:47 2026] [::1]:64331 [200]: GET /assets/js/bootstrap.bundle.min.js
[Wed Sep 23 15:19:47 2026] [::1]:58431 Closing
[Wed Sep 23 15:19:47 2026] [::1]:64331 Closing
[Wed Sep 23 15:19:47 2026] [::1]:53136 Accepted
[Wed Sep 23 15:19:47 2026] [::1]:53136 Closing
[Wed Sep 23 15:19:47 2026] [::1]:65255 Accepted
[Wed Sep 23 15:19:47 2026] [::1]:65255 [200]: GET /favicon.ico
[Wed Sep 23 15:19:47 2026] [::1]:65255 Closing
[Wed Sep 23 15:20:12 2026] [::1]:53597 Accepted
[Wed Sep 23 15:20:12 2026] [::1]:53597 Closing
[Wed Sep 23 15:20:12 2026] [::1]:64255 Accepted
[Wed Sep 23 15:20:12 2026] [::1]:56645 Accepted
[Wed Sep 23 15:20:12 2026] [::1]:64255 Closing
[Wed Sep 23 15:20:12 2026] [::1]:52930 Accepted
[Wed Sep 23 15:20:12 2026] [::1]:56645 [200]: GET /assets/css/bootstrap.min.css
[Wed Sep 23 15:20:12 2026] [::1]:52930 [200]: GET /assets/js/bootstrap.bundle.min.js
[Wed Sep 23 15:20:12 2026] [::1]:56645 Closing
[Wed Sep 23 15:20:12 2026] [::1]:52930 Closing
[Wed Sep 23 15:20:13 2026] [::1]:62770 Accepted
[Wed Sep 23 15:20:13 2026] [::1]:62770 Closing
[Wed Sep 23 15:20:13 2026] [::1]:59262 Accepted
[Wed Sep 23 15:20:13 2026] [::1]:59262 [200]: GET /favicon.ico
[Wed Sep 23 15:20:13 2026] [::1]:59262 Closing
[Wed Sep 23 15:20:18 2026] [::1]:53051 Accepted
[Wed Sep 23 15:20:18 2026] [::1]:53051 [200]: GET /favicon.ico
[Wed Sep 23 15:20:18 2026] [::1]:53051 Closing
[Wed Sep 23 15:21:59 2026] [::1]:51786 Accepted
[Wed Sep 23 15:21:59 2026] [::1]:51786 Closing
[Wed Sep 23 15:21:59 2026] [::1]:63203 Accepted
[Wed Sep 23 15:21:59 2026] [::1]:63203 Closing
[Wed Sep 23 15:21:59 2026] [::1]:51708 Accepted
[Wed Sep 23 15:21:59 2026] [::1]:51157 Accepted
[Wed Sep 23 15:21:59 2026] [::1]:51708 [200]: GET /assets/css/bootstrap.min.css
[Wed Sep 23 15:21:59 2026] [::1]:51157 [200]: GET /assets/js/bootstrap.bundle.min.js
[Wed Sep 23 15:21:59 2026] [::1]:51708 Closing
[Wed Sep 23 15:21:59 2026] [::1]:51157 Closing
[Wed Sep 23 15:21:59 2026] [::1]:50172 Accepted
[Wed Sep 23 15:21:59 2026] [::1]:50172 Closing
[Wed Sep 23 15:22:00 2026] [::1]:61817 Accepted
[Wed Sep 23 15:22:01 2026] [::1]:55745 Accepted
[Wed Sep 23 15:22:01 2026] [::1]:61817 Closing
[Wed Sep 23 15:22:01 2026] [::1]:55745 Closing
[Wed Sep 23 15:22:01 2026] [::1]:63905 Accepted
[Wed Sep 23 15:22:01 2026] [::1]:64054 Accepted
[Wed Sep 23 15:22:01 2026] [::1]:63905 [200]: GET /assets/css/bootstrap.min.css
[Wed Sep 23 15:22:01 2026] [::1]:64054 [200]: GET /assets/js/bootstrap.bundle.min.js
[Wed Sep 23 15:22:01 2026] [::1]:63905 Closing
[Wed Sep 23 15:22:01 2026] [::1]:64054 Closing
[Wed Sep 23 15:22:01 2026] [::1]:56420 Accepted
[Wed Sep 23 15:22:01 2026] [::1]:56420 Closing
[Wed Sep 23 15:22:03 2026] [::1]:49841 Accepted
[Wed Sep 23 15:22:03 2026] [::1]:49841 Closing
[Wed Sep 23 15:22:03 2026] [::1]:64124 Accepted
[Wed Sep 23 15:22:03 2026] [::1]:64124 Closing
[Wed Sep 23 15:22:03 2026] [::1]:49448 Accepted
[Wed Sep 23 15:22:03 2026] [::1]:51505 Accepted
[Wed Sep 23 15:22:03 2026] [::1]:49448 [200]: GET /assets/css/bootstrap.min.css
[Wed Sep 23 15:22:03 2026] [::1]:51505 [200]: GET /assets/js/bootstrap.bundle.min.js
[Wed Sep 23 15:22:03 2026] [::1]:49448 Closing
[Wed Sep 23 15:22:03 2026] [::1]:51505 Closing
[Wed Sep 23 15:22:03 2026] [::1]:59479 Accepted
[Wed Sep 23 15:22:03 2026] [::1]:59479 Closing
[Wed Sep 23 15:22:10 2026] [::1]:51458 Accepted
[Wed Sep 23 15:22:11 2026] [::1]:51458 Closing
[Wed Sep 23 15:22:11 2026] [::1]:61166 Accepted
[Wed Sep 23 15:22:11 2026] [::1]:61166 Closing
[Wed Sep 23 15:22:11 2026] [::1]:54842 Accepted
[Wed Sep 23 15:22:11 2026] [::1]:54842 Closing
[Wed Sep 23 15:22:11 2026] [::1]:57150 Accepted
[Wed Sep 23 15:22:11 2026] [::1]:65090 Accepted
[Wed Sep 23 15:22:11 2026] [::1]:57150 [200]: GET /assets/css/bootstrap.min.css
[Wed Sep 23 15:22:11 2026] [::1]:65090 [200]: GET /assets/js/bootstrap.bundle.min.js
[Wed Sep 23 15:22:11 2026] [::1]:57150 Closing
[Wed Sep 23 15:22:11 2026] [::1]:65090 Closing
[Wed Sep 23 15:22:11 2026] [::1]:53119 Accepted
[Wed Sep 23 15:22:11 2026] [::1]:53119 Closing
[Wed Sep 23 15:22:20 2026] [::1]:52321 Accepted
[Wed Sep 23 15:22:20 2026] [::1]:52321 Closing
[Wed Sep 23 15:22:20 2026] [::1]:57096 Accepted
[Wed Sep 23 15:22:20 2026] [::1]:57096 Closing
[Wed Sep 23 15:22:20 2026] [::1]:49206 Accepted
[Wed Sep 23 15:22:20 2026] [::1]:49206 [200]: GET /favicon.ico
[Wed Sep 23 15:22:20 2026] [::1]:49206 Closing
[Wed Sep 23 15:22:23 2026] [::1]:51854 Accepted
[Wed Sep 23 15:22:23 2026] [::1]:51854 Closing
[Wed Sep 23 15:22:23 2026] [::1]:61741 Accepted
[Wed Sep 23 15:22:23 2026] [::1]:58421 Accepted
[Wed Sep 23 15:22:23 2026] [::1]:61741 Closing
[Wed Sep 23 15:22:23 2026] [::1]:50646 Accepted
[Wed Sep 23 15:22:23 2026] [::1]:58421 [200]: GET /assets/css/bootstrap.min.css
[Wed Sep 23 15:22:23 2026] [::1]:50646 [200]: GET /assets/js/bootstrap.bundle.min.js
[Wed Sep 23 15:22:23 2026] [::1]:58421 Closing
[Wed Sep 23 15:22:23 2026] [::1]:50646 Closing
[Wed Sep 23 15:22:23 2026] [::1]:54802 Accepted
[Wed Sep 23 15:22:23 2026] [::1]:54802 Closing
[Wed Sep 23 15:22:23 2026] [::1]:60914 Accepted
[Wed Sep 23 15:22:23 2026] [::1]:60914 [200]: GET /favicon.ico
[Wed Sep 23 15:22:23 2026] [::1]:60914 Closing
[Wed Sep 23 15:22:26 2026] [::1]:50826 Accepted
[Wed Sep 23 15:22:26 2026] [::1]:50826 Closing
[Wed Sep 23 15:22:26 2026] [::1]:49879 Accepted
[Wed Sep 23 15:22:26 2026] [::1]:52934 Accepted
[Wed Sep 23 15:22:26 2026] [::1]:49879 Closing
[Wed Sep 23 15:22:26 2026] [::1]:60424 Accepted
[Wed Sep 23 15:22:26 2026] [::1]:52934 [200]: GET /assets/css/bootstrap.min.css
[Wed Sep 23 15:22:26 2026] [::1]:60424 [200]: GET /assets/js/bootstrap.bundle.min.js
[Wed Sep 23 15:22:26 2026] [::1]:52934 Closing
[Wed Sep 23 15:22:26 2026] [::1]:60424 Closing
[Wed Sep 23 15:22:26 2026] [::1]:61111 Accepted
[Wed Sep 23 15:22:26 2026] [::1]:61111 Closing
[Wed Sep 23 15:22:26 2026] [::1]:50269 Accepted
[Wed Sep 23 15:22:26 2026] [::1]:50269 [200]: GET /favicon.ico
[Wed Sep 23 15:22:26 2026] [::1]:50269 Closing
[Wed Sep 23 15:22:35 2026] [::1]:58880 Accepted
[Wed Sep 23 15:22:36 2026] [::1]:58880 Closing
[Wed Sep 23 15:22:36 2026] [::1]:64591 Accepted
[Wed Sep 23 15:22:36 2026] [::1]:64591 Closing
[Wed Sep 23 15:22:36 2026] [::1]:58473 Accepted
[Wed Sep 23 15:22:36 2026] [::1]:57113 Accepted
[Wed Sep 23 15:22:36 2026] [::1]:58473 [200]: GET /assets/css/bootstrap.min.css
[Wed Sep 23 15:22:36 2026] [::1]:57113 [200]: GET /assets/js/bootstrap.bundle.min.js
[Wed Sep 23 15:22:36 2026] [::1]:58473 Closing
[Wed Sep 23 15:22:36 2026] [::1]:57113 Closing
[Wed Sep 23 15:22:36 2026] [::1]:63887 Accepted
[Wed Sep 23 15:22:36 2026] [::1]:63887 Closing
[Wed Sep 23 15:22:36 2026] [::1]:56793 Accepted
[Wed Sep 23 15:22:36 2026] [::1]:56793 [200]: GET /favicon.ico
[Wed Sep 23 15:22:36 2026] [::1]:56793 Closing
[Wed Sep 23 15:22:37 2026] [::1]:57885 Accepted
[Wed Sep 23 15:22:37 2026] [::1]:57885 [200]: GET /favicon.ico
[Wed Sep 23 15:22:37 2026] [::1]:57885 Closing
[Wed Sep 23 15:22:40 2026] [::1]:60031 Accepted
[Wed Sep 23 15:22:40 2026] [::1]:60031 Closing
[Wed Sep 23 15:22:40 2026] [::1]:52611 Accepted
[Wed Sep 23 15:22:40 2026] [::1]:52611 Closing
[Wed Sep 23 15:22:40 2026] [::1]:51803 Accepted
[Wed Sep 23 15:22:40 2026] [::1]:55663 Accepted
[Wed Sep 23 15:22:40 2026] [::1]:51803 [200]: GET /assets/css/bootstrap.min.css
[Wed Sep 23 15:22:40 2026] [::1]:55663 [200]: GET /assets/js/bootstrap.bundle.min.js
[Wed Sep 23 15:22:40 2026] [::1]:51803 Closing
[Wed Sep 23 15:22:40 2026] [::1]:55663 Closing
[Wed Sep 23 15:22:40 2026] [::1]:53276 Accepted
[Wed Sep 23 15:22:40 2026] [::1]:53276 Closing
[Wed Sep 23 15:22:40 2026] [::1]:59086 Accepted
[Wed Sep 23 15:22:40 2026] [::1]:59086 [200]: GET /favicon.ico
[Wed Sep 23 15:22:40 2026] [::1]:59086 Closing
[Wed Sep 23 15:22:43 2026] [::1]:64991 Accepted
[Wed Sep 23 15:22:43 2026] [::1]:64991 [200]: GET /favicon.ico
[Wed Sep 23 15:22:43 2026] [::1]:64991 Closing
[Wed Sep 23 15:22:56 2026] [::1]:54559 Accepted
[Wed Sep 23 15:22:57 2026] [::1]:54559 Closing
[Wed Sep 23 15:22:57 2026] [::1]:52717 Accepted
[Wed Sep 23 15:22:57 2026] [::1]:52717 Closing
[Wed Sep 23 15:22:57 2026] [::1]:57970 Accepted
[Wed Sep 23 15:22:57 2026] [::1]:57183 Accepted
[Wed Sep 23 15:22:57 2026] [::1]:57970 [200]: GET /assets/css/bootstrap.min.css
[Wed Sep 23 15:22:57 2026] [::1]:57183 [200]: GET /assets/js/bootstrap.bundle.min.js
[Wed Sep 23 15:22:57 2026] [::1]:57970 Closing
[Wed Sep 23 15:22:57 2026] [::1]:57183 Closing
[Wed Sep 23 15:22:57 2026] [::1]:57564 Accepted
[Wed Sep 23 15:22:57 2026] [::1]:57564 Closing
[Wed Sep 23 15:23:02 2026] [::1]:58300 Accepted
[Wed Sep 23 15:23:02 2026] [::1]:58300 Closing
[Wed Sep 23 15:23:02 2026] [::1]:64940 Accepted
[Wed Sep 23 15:23:02 2026] [::1]:64733 Accepted
[Wed Sep 23 15:23:02 2026] [::1]:64940 Closing
[Wed Sep 23 15:23:02 2026] [::1]:60045 Accepted
[Wed Sep 23 15:23:02 2026] [::1]:64733 [200]: GET /assets/css/bootstrap.min.css
[Wed Sep 23 15:23:02 2026] [::1]:60045 [200]: GET /assets/js/bootstrap.bundle.min.js
[Wed Sep 23 15:23:02 2026] [::1]:64733 Closing
[Wed Sep 23 15:23:02 2026] [::1]:60045 Closing
[Wed Sep 23 15:23:02 2026] [::1]:53162 Accepted
[Wed Sep 23 15:23:02 2026] [::1]:53162 Closing
[Wed Sep 23 15:23:02 2026] [::1]:55028 Accepted
[Wed Sep 23 15:23:02 2026] [::1]:55028 [200]: GET /favicon.ico
[Wed Sep 23 15:23:02 2026] [::1]:55028 Closing
[Wed Sep 23 15:23:06 2026] [::1]:51237 Accepted
[Wed Sep 23 15:23:06 2026] [::1]:51237 Closing
[Wed Sep 23 15:23:06 2026] [::1]:51417 Accepted
[Wed Sep 23 15:23:06 2026] [::1]:51417 Closing
[Wed Sep 23 15:23:06 2026] [::1]:52259 Accepted
[Wed Sep 23 15:23:06 2026] [::1]:60446 Accepted
[Wed Sep 23 15:23:06 2026] [::1]:52259 [200]: GET /assets/css/bootstrap.min.css
[Wed Sep 23 15:23:06 2026] [::1]:60446 [200]: GET /assets/js/bootstrap.bundle.min.js
[Wed Sep 23 15:23:06 2026] [::1]:52259 Closing
[Wed Sep 23 15:23:06 2026] [::1]:60446 Closing
[Wed Sep 23 15:23:06 2026] [::1]:62153 Accepted
[Wed Sep 23 15:23:06 2026] [::1]:62153 Closing
[Wed Sep 23 15:23:06 2026] [::1]:58373 Accepted
[Wed Sep 23 15:23:06 2026] [::1]:58373 [200]: GET /favicon.ico
[Wed Sep 23 15:23:06 2026] [::1]:58373 Closing
[Wed Sep 23 15:23:07 2026] [::1]:49353 Accepted
[Wed Sep 23 15:23:07 2026] [::1]:49353 Closing
[Wed Sep 23 15:23:07 2026] [::1]:58707 Accepted
[Wed Sep 23 15:23:07 2026] [::1]:60614 Accepted
[Wed Sep 23 15:23:07 2026] [::1]:58707 Closing
[Wed Sep 23 15:23:07 2026] [::1]:51379 Accepted
[Wed Sep 23 15:23:07 2026] [::1]:60614 [200]: GET /assets/css/bootstrap.min.css
[Wed Sep 23 15:23:07 2026] [::1]:51379 [200]: GET /assets/js/bootstrap.bundle.min.js
[Wed Sep 23 15:23:07 2026] [::1]:60614 Closing
[Wed Sep 23 15:23:07 2026] [::1]:51379 Closing
[Wed Sep 23 15:23:07 2026] [::1]:56143 Accepted
[Wed Sep 23 15:23:08 2026] [::1]:56143 Closing
[Wed Sep 23 15:23:08 2026] [::1]:54685 Accepted
[Wed Sep 23 15:23:08 2026] [::1]:54685 [200]: GET /favicon.ico
[Wed Sep 23 15:23:08 2026] [::1]:54685 Closing
[Wed Sep 23 15:23:11 2026] [::1]:55363 Accepted
[Wed Sep 23 15:23:11 2026] [::1]:55363 Closing
[Wed Sep 23 15:23:11 2026] [::1]:54352 Accepted
[Wed Sep 23 15:23:11 2026] [::1]:54352 Closing
[Wed Sep 23 15:23:11 2026] [::1]:53919 Accepted
[Wed Sep 23 15:23:11 2026] [::1]:52644 Accepted
[Wed Sep 23 15:23:11 2026] [::1]:53919 [200]: GET /assets/css/bootstrap.min.css
[Wed Sep 23 15:23:11 2026] [::1]:52644 [200]: GET /assets/js/bootstrap.bundle.min.js
[Wed Sep 23 15:23:11 2026] [::1]:53919 Closing
[Wed Sep 23 15:23:11 2026] [::1]:52644 Closing
[Wed Sep 23 15:23:11 2026] [::1]:62591 Accepted
[Wed Sep 23 15:23:12 2026] [::1]:62591 Closing
[Wed Sep 23 15:23:12 2026] [::1]:64582 Accepted
[Wed Sep 23 15:23:12 2026] [::1]:64582 [200]: GET /favicon.ico
[Wed Sep 23 15:23:12 2026] [::1]:64582 Closing
[Wed Sep 23 15:23:20 2026] [::1]:52842 Accepted
[Wed Sep 23 15:23:21 2026] [::1]:52842 Closing
[Wed Sep 23 15:23:21 2026] [::1]:63546 Accepted
[Wed Sep 23 15:23:21 2026] [::1]:63546 Closing
[Wed Sep 23 15:23:21 2026] [::1]:61567 Accepted
[Wed Sep 23 15:23:21 2026] [::1]:61567 Closing
[Wed Sep 23 15:23:21 2026] [::1]:53847 Accepted
[Wed Sep 23 15:23:21 2026] [::1]:62704 Accepted
[Wed Sep 23 15:23:21 2026] [::1]:53847 [200]: GET /assets/css/bootstrap.min.css
[Wed Sep 23 15:23:21 2026] [::1]:62704 [200]: GET /assets/js/bootstrap.bundle.min.js
[Wed Sep 23 15:23:21 2026] [::1]:53847 Closing
[Wed Sep 23 15:23:21 2026] [::1]:62704 Closing
[Wed Sep 23 15:23:21 2026] [::1]:52920 Accepted
[Wed Sep 23 15:23:21 2026] [::1]:52920 Closing
[Wed Sep 23 15:23:21 2026] [::1]:57107 Accepted
[Wed Sep 23 15:23:21 2026] [::1]:57107 [200]: GET /favicon.ico
[Wed Sep 23 15:23:21 2026] [::1]:57107 Closing
[Wed Sep 23 15:23:28 2026] [::1]:62227 Accepted
[Wed Sep 23 15:23:29 2026] [::1]:62227 Closing
[Wed Sep 23 15:23:29 2026] [::1]:64559 Accepted
[Wed Sep 23 15:23:29 2026] [::1]:64559 Closing
[Wed Sep 23 15:23:29 2026] [::1]:55398 Accepted
[Wed Sep 23 15:23:29 2026] [::1]:62732 Accepted
[Wed Sep 23 15:23:29 2026] [::1]:55398 [200]: GET /assets/css/bootstrap.min.css
[Wed Sep 23 15:23:29 2026] [::1]:62732 [200]: GET /assets/js/bootstrap.bundle.min.js
[Wed Sep 23 15:23:29 2026] [::1]:55398 Closing
[Wed Sep 23 15:23:29 2026] [::1]:62732 Closing
[Wed Sep 23 15:23:29 2026] [::1]:52349 Accepted
[Wed Sep 23 15:23:29 2026] [::1]:52349 Closing
[Wed Sep 23 15:23:32 2026] [::1]:54089 Accepted
[Wed Sep 23 15:23:33 2026] [::1]:54089 Closing
[Wed Sep 23 15:23:33 2026] [::1]:52159 Accepted
[Wed Sep 23 15:23:33 2026] [::1]:52159 Closing
[Wed Sep 23 15:23:33 2026] [::1]:61951 Accepted
[Wed Sep 23 15:23:33 2026] [::1]:61885 Accepted
[Wed Sep 23 15:23:33 2026] [::1]:61951 [200]: GET /assets/css/bootstrap.min.css
[Wed Sep 23 15:23:33 2026] [::1]:61885 [200]: GET /assets/js/bootstrap.bundle.min.js
[Wed Sep 23 15:23:33 2026] [::1]:61951 Closing
[Wed Sep 23 15:23:33 2026] [::1]:61885 Closing
[Wed Sep 23 15:23:33 2026] [::1]:54683 Accepted
[Wed Sep 23 15:23:33 2026] [::1]:54683 Closing
[Wed Sep 23 15:23:45 2026] [::1]:60259 Accepted
[Wed Sep 23 15:23:46 2026] [::1]:60259 Closing
[Wed Sep 23 15:23:46 2026] [::1]:64392 Accepted
[Wed Sep 23 15:23:46 2026] [::1]:64392 Closing
[Wed Sep 23 15:23:46 2026] [::1]:62176 Accepted
[Wed Sep 23 15:23:46 2026] [::1]:63570 Accepted
[Wed Sep 23 15:23:46 2026] [::1]:62176 [200]: GET /assets/css/bootstrap.min.css
[Wed Sep 23 15:23:46 2026] [::1]:63570 [200]: GET /assets/js/bootstrap.bundle.min.js
[Wed Sep 23 15:23:46 2026] [::1]:62176 Closing
[Wed Sep 23 15:23:46 2026] [::1]:63570 Closing
[Wed Sep 23 15:23:46 2026] [::1]:63177 Accepted
[Wed Sep 23 15:23:46 2026] [::1]:63177 Closing
[Wed Sep 23 15:23:46 2026] [::1]:63161 Accepted
[Wed Sep 23 15:23:46 2026] [::1]:63161 [200]: GET /favicon.ico
[Wed Sep 23 15:23:46 2026] [::1]:63161 Closing
[Wed Sep 23 15:23:47 2026] [::1]:58603 Accepted
[Wed Sep 23 15:23:47 2026] [::1]:58603 Closing
[Wed Sep 23 15:23:47 2026] [::1]:55560 Accepted
[Wed Sep 23 15:23:47 2026] [::1]:55560 Closing
[Wed Sep 23 15:23:47 2026] [::1]:61199 Accepted
[Wed Sep 23 15:23:47 2026] [::1]:64300 Accepted
[Wed Sep 23 15:23:47 2026] [::1]:61199 [200]: GET /assets/css/bootstrap.min.css
[Wed Sep 23 15:23:47 2026] [::1]:64300 [200]: GET /assets/js/bootstrap.bundle.min.js
[Wed Sep 23 15:23:47 2026] [::1]:61199 Closing
[Wed Sep 23 15:23:47 2026] [::1]:64300 Closing
[Wed Sep 23 15:23:47 2026] [::1]:59854 Accepted
[Wed Sep 23 15:23:48 2026] [::1]:59854 Closing
[Wed Sep 23 15:23:48 2026] [::1]:52462 Accepted
[Wed Sep 23 15:23:48 2026] [::1]:52462 [200]: GET /favicon.ico
[Wed Sep 23 15:23:48 2026] [::1]:52462 Closing
[Wed Sep 23 15:23:50 2026] [::1]:51375 Accepted
[Wed Sep 23 15:23:50 2026] [::1]:51375 Closing
[Wed Sep 23 15:23:50 2026] [::1]:57737 Accepted
[Wed Sep 23 15:23:50 2026] [::1]:57737 Closing
[Wed Sep 23 15:23:50 2026] [::1]:50469 Accepted
[Wed Sep 23 15:23:50 2026] [::1]:50459 Accepted
[Wed Sep 23 15:23:50 2026] [::1]:50469 [200]: GET /assets/css/bootstrap.min.css
[Wed Sep 23 15:23:50 2026] [::1]:50459 [200]: GET /assets/js/bootstrap.bundle.min.js
[Wed Sep 23 15:23:50 2026] [::1]:50469 Closing
[Wed Sep 23 15:23:50 2026] [::1]:50459 Closing
[Wed Sep 23 15:23:50 2026] [::1]:62510 Accepted
[Wed Sep 23 15:23:50 2026] [::1]:62510 Closing
[Wed Sep 23 15:23:50 2026] [::1]:57559 Accepted
[Wed Sep 23 15:23:50 2026] [::1]:57559 [200]: GET /favicon.ico
[Wed Sep 23 15:23:50 2026] [::1]:57559 Closing
[Wed Sep 23 15:24:00 2026] [::1]:53149 Accepted
[Wed Sep 23 15:24:00 2026] [::1]:53149 [200]: GET /favicon.ico
[Wed Sep 23 15:24:00 2026] [::1]:53149 Closing
[Wed Sep 23 15:24:17 2026] [::1]:56178 Accepted
[Wed Sep 23 15:24:17 2026] [::1]:56178 Closing
[Wed Sep 23 15:24:17 2026] [::1]:51667 Accepted
[Wed Sep 23 15:24:17 2026] [::1]:51667 Closing
[Wed Sep 23 15:24:17 2026] [::1]:60533 Accepted
[Wed Sep 23 15:24:17 2026] [::1]:64130 Accepted
[Wed Sep 23 15:24:17 2026] [::1]:60533 [200]: GET /assets/css/bootstrap.min.css
[Wed Sep 23 15:24:17 2026] [::1]:64130 [200]: GET /assets/js/bootstrap.bundle.min.js
[Wed Sep 23 15:24:17 2026] [::1]:60533 Closing
[Wed Sep 23 15:24:17 2026] [::1]:64130 Closing
[Wed Sep 23 15:24:17 2026] [::1]:50861 Accepted
[Wed Sep 23 15:24:17 2026] [::1]:50861 Closing
[Wed Sep 23 15:24:18 2026] [::1]:62290 Accepted
[Wed Sep 23 15:24:19 2026] [::1]:62290 Closing
[Wed Sep 23 15:24:19 2026] [::1]:51980 Accepted
[Wed Sep 23 15:24:19 2026] [::1]:51980 Closing
[Wed Sep 23 15:24:19 2026] [::1]:54636 Accepted
[Wed Sep 23 15:24:19 2026] [::1]:64033 Accepted
[Wed Sep 23 15:24:19 2026] [::1]:54636 [200]: GET /assets/css/bootstrap.min.css
[Wed Sep 23 15:24:19 2026] [::1]:64033 [200]: GET /assets/js/bootstrap.bundle.min.js
[Wed Sep 23 15:24:19 2026] [::1]:54636 Closing
[Wed Sep 23 15:24:19 2026] [::1]:64033 Closing
[Wed Sep 23 15:24:19 2026] [::1]:60972 Accepted
[Wed Sep 23 15:24:19 2026] [::1]:60972 Closing
[Wed Sep 23 15:24:20 2026] [::1]:61538 Accepted
[Wed Sep 23 15:24:21 2026] [::1]:61538 Closing
[Wed Sep 23 15:24:21 2026] [::1]:58017 Accepted
[Wed Sep 23 15:24:21 2026] [::1]:58017 Closing
[Wed Sep 23 15:24:21 2026] [::1]:56943 Accepted
[Wed Sep 23 15:24:21 2026] [::1]:56354 Accepted
[Wed Sep 23 15:24:21 2026] [::1]:56943 [200]: GET /assets/css/bootstrap.min.css
[Wed Sep 23 15:24:21 2026] [::1]:56354 [200]: GET /assets/js/bootstrap.bundle.min.js
[Wed Sep 23 15:24:21 2026] [::1]:56943 Closing
[Wed Sep 23 15:24:21 2026] [::1]:56354 Closing
[Wed Sep 23 15:24:21 2026] [::1]:62922 Accepted
[Wed Sep 23 15:24:21 2026] [::1]:62922 Closing
[Wed Sep 23 15:24:29 2026] [::1]:58298 Accepted
[Wed Sep 23 15:24:29 2026] [::1]:58298 Closing
[Wed Sep 23 15:24:29 2026] [::1]:50422 Accepted
[Wed Sep 23 15:24:29 2026] [::1]:50422 Closing
[Wed Sep 23 15:24:29 2026] [::1]:60259 Accepted
[Wed Sep 23 15:24:29 2026] [::1]:60259 Closing
[Wed Sep 23 15:24:29 2026] [::1]:65283 Accepted
[Wed Sep 23 15:24:29 2026] [::1]:51512 Accepted
[Wed Sep 23 15:24:29 2026] [::1]:65283 [200]: GET /assets/css/bootstrap.min.css
[Wed Sep 23 15:24:29 2026] [::1]:51512 [200]: GET /assets/js/bootstrap.bundle.min.js
[Wed Sep 23 15:24:29 2026] [::1]:65283 Closing
[Wed Sep 23 15:24:29 2026] [::1]:51512 Closing
[Wed Sep 23 15:24:29 2026] [::1]:53492 Accepted
[Wed Sep 23 15:24:29 2026] [::1]:53492 Closing
[Wed Sep 23 15:24:34 2026] [::1]:54186 Accepted
[Wed Sep 23 15:24:34 2026] [::1]:54186 Closing
[Wed Sep 23 15:24:35 2026] [::1]:51011 Accepted
[Wed Sep 23 15:24:35 2026] [::1]:51011 Closing
[Wed Sep 23 15:24:35 2026] [::1]:62575 Accepted
[Wed Sep 23 15:24:35 2026] [::1]:61059 Accepted
[Wed Sep 23 15:24:35 2026] [::1]:62575 [200]: GET /assets/css/bootstrap.min.css
[Wed Sep 23 15:24:35 2026] [::1]:61059 [200]: GET /assets/js/bootstrap.bundle.min.js
[Wed Sep 23 15:24:35 2026] [::1]:62575 Closing
[Wed Sep 23 15:24:35 2026] [::1]:61059 Closing
[Wed Sep 23 15:24:35 2026] [::1]:60845 Accepted
[Wed Sep 23 15:24:35 2026] [::1]:60845 Closing
[Wed Sep 23 15:24:35 2026] [::1]:53207 Accepted
[Wed Sep 23 15:24:35 2026] [::1]:53207 [200]: GET /favicon.ico
[Wed Sep 23 15:24:35 2026] [::1]:53207 Closing
[Wed Sep 23 15:24:38 2026] [::1]:50236 Accepted
[Wed Sep 23 15:24:39 2026] [::1]:50236 Closing
[Wed Sep 23 15:24:39 2026] [::1]:51586 Accepted
[Wed Sep 23 15:24:39 2026] [::1]:51586 Closing
[Wed Sep 23 15:24:39 2026] [::1]:54968 Accepted
[Wed Sep 23 15:24:39 2026] [::1]:62425 Accepted
[Wed Sep 23 15:24:39 2026] [::1]:54968 [200]: GET /assets/css/bootstrap.min.css
[Wed Sep 23 15:24:39 2026] [::1]:62425 [200]: GET /assets/js/bootstrap.bundle.min.js
[Wed Sep 23 15:24:39 2026] [::1]:54968 Closing
[Wed Sep 23 15:24:39 2026] [::1]:62425 Closing
[Wed Sep 23 15:24:39 2026] [::1]:62763 Accepted
[Wed Sep 23 15:24:39 2026] [::1]:62763 Closing
[Wed Sep 23 15:24:39 2026] [::1]:53172 Accepted
[Wed Sep 23 15:24:39 2026] [::1]:53172 [200]: GET /favicon.ico
[Wed Sep 23 15:24:39 2026] [::1]:53172 Closing
[Wed Sep 23 15:24:51 2026] [::1]:60664 Accepted
[Wed Sep 23 15:24:51 2026] [::1]:60664 Closing
[Wed Sep 23 15:24:51 2026] [::1]:62253 Accepted
[Wed Sep 23 15:24:51 2026] [::1]:62253 Closing
[Wed Sep 23 15:24:51 2026] [::1]:54468 Accepted
[Wed Sep 23 15:24:51 2026] [::1]:52609 Accepted
[Wed Sep 23 15:24:51 2026] [::1]:54468 [200]: GET /assets/css/bootstrap.min.css
[Wed Sep 23 15:24:51 2026] [::1]:52609 [200]: GET /assets/js/bootstrap.bundle.min.js
[Wed Sep 23 15:24:51 2026] [::1]:54468 Closing
[Wed Sep 23 15:24:51 2026] [::1]:52609 Closing
[Wed Sep 23 15:24:51 2026] [::1]:54019 Accepted
[Wed Sep 23 15:24:51 2026] [::1]:54019 Closing
[Wed Sep 23 15:24:51 2026] [::1]:54211 Accepted
[Wed Sep 23 15:24:51 2026] [::1]:54211 [200]: GET /favicon.ico
[Wed Sep 23 15:24:51 2026] [::1]:54211 Closing
[Wed Sep 23 15:24:54 2026] [::1]:64628 Accepted
[Wed Sep 23 15:24:54 2026] [::1]:64628 Closing
[Wed Sep 23 15:24:54 2026] [::1]:54665 Accepted
[Wed Sep 23 15:24:54 2026] [::1]:54665 Closing
[Wed Sep 23 15:24:54 2026] [::1]:51250 Accepted
[Wed Sep 23 15:24:54 2026] [::1]:60440 Accepted
[Wed Sep 23 15:24:54 2026] [::1]:51250 [200]: GET /assets/css/bootstrap.min.css
[Wed Sep 23 15:24:54 2026] [::1]:60440 [200]: GET /assets/js/bootstrap.bundle.min.js
[Wed Sep 23 15:24:54 2026] [::1]:51250 Closing
[Wed Sep 23 15:24:54 2026] [::1]:60440 Closing
[Wed Sep 23 15:24:54 2026] [::1]:62815 Accepted
[Wed Sep 23 15:24:54 2026] [::1]:62815 Closing
[Wed Sep 23 15:24:54 2026] [::1]:56931 Accepted
[Wed Sep 23 15:24:54 2026] [::1]:56931 [200]: GET /favicon.ico
[Wed Sep 23 15:24:54 2026] [::1]:56931 Closing
[Wed Sep 23 15:25:04 2026] [::1]:56418 Accepted
[Wed Sep 23 15:25:04 2026] [::1]:56418 Closing
[Wed Sep 23 15:25:04 2026] [::1]:57065 Accepted
[Wed Sep 23 15:25:04 2026] [::1]:57065 Closing
[Wed Sep 23 15:25:04 2026] [::1]:64414 Accepted
[Wed Sep 23 15:25:04 2026] [::1]:59292 Accepted
[Wed Sep 23 15:25:04 2026] [::1]:64414 [200]: GET /assets/css/bootstrap.min.css
[Wed Sep 23 15:25:04 2026] [::1]:59292 [200]: GET /assets/js/bootstrap.bundle.min.js
[Wed Sep 23 15:25:04 2026] [::1]:64414 Closing
[Wed Sep 23 15:25:04 2026] [::1]:59292 Closing
[Wed Sep 23 15:25:04 2026] [::1]:59892 Accepted
[Wed Sep 23 15:25:04 2026] [::1]:59892 Closing
[Wed Sep 23 15:25:04 2026] [::1]:59430 Accepted
[Wed Sep 23 15:25:04 2026] [::1]:59430 [200]: GET /favicon.ico
[Wed Sep 23 15:25:04 2026] [::1]:59430 Closing
